Archive member included to satisfy reference by file (symbol)

/opt/Atollic_TrueSTUDIO_for_STM32_x86_64_9.3.0/ARMTools/bin/../lib/gcc/arm-atollic-eabi/6.3.1/../../../../arm-atollic-eabi/lib/armv7e-m/fpu/libc_nano.a(lib_a-init.o)
                              src/startup_stm32f40xx.o (__libc_init_array)
/opt/Atollic_TrueSTUDIO_for_STM32_x86_64_9.3.0/ARMTools/bin/../lib/gcc/arm-atollic-eabi/6.3.1/../../../../arm-atollic-eabi/lib/armv7e-m/fpu/libc_nano.a(lib_a-memcpy-stub.o)
                              Libraries/STM32F4xx_StdPeriph_Driver/src/stm32f4xx_cryp_aes.o (memcpy)
/opt/Atollic_TrueSTUDIO_for_STM32_x86_64_9.3.0/ARMTools/bin/../lib/gcc/arm-atollic-eabi/6.3.1/../../../../arm-atollic-eabi/lib/armv7e-m/fpu/libc_nano.a(lib_a-memset.o)
                              Libraries/STM32F4xx_StdPeriph_Driver/src/stm32f4xx_cryp_aes.o (memset)
/opt/Atollic_TrueSTUDIO_for_STM32_x86_64_9.3.0/ARMTools/bin/../lib/gcc/arm-atollic-eabi/6.3.1/../../../../arm-atollic-eabi/lib/armv7e-m/fpu/libc_nano.a(lib_a-strlen.o)
                              src/tiny_printf.o (strlen)
/opt/Atollic_TrueSTUDIO_for_STM32_x86_64_9.3.0/ARMTools/bin/../lib/gcc/arm-atollic-eabi/6.3.1/armv7e-m/fpu/libgcc.a(_arm_addsubdf3.o)
                              src/USART.o (__aeabi_dadd)
/opt/Atollic_TrueSTUDIO_for_STM32_x86_64_9.3.0/ARMTools/bin/../lib/gcc/arm-atollic-eabi/6.3.1/armv7e-m/fpu/libgcc.a(_arm_muldivdf3.o)
                              src/USART.o (__aeabi_ddiv)
/opt/Atollic_TrueSTUDIO_for_STM32_x86_64_9.3.0/ARMTools/bin/../lib/gcc/arm-atollic-eabi/6.3.1/armv7e-m/fpu/libgcc.a(_arm_fixunsdfsi.o)
                              src/USART.o (__aeabi_d2uiz)
/opt/Atollic_TrueSTUDIO_for_STM32_x86_64_9.3.0/ARMTools/bin/../lib/gcc/arm-atollic-eabi/6.3.1/../../../../arm-atollic-eabi/lib/armv7e-m/fpu/libnosys.a(write.o)
                              src/tiny_printf.o (_write)
/opt/Atollic_TrueSTUDIO_for_STM32_x86_64_9.3.0/ARMTools/bin/../lib/gcc/arm-atollic-eabi/6.3.1/../../../../arm-atollic-eabi/lib/armv7e-m/fpu/libnosys.a(errno.o)
                              /opt/Atollic_TrueSTUDIO_for_STM32_x86_64_9.3.0/ARMTools/bin/../lib/gcc/arm-atollic-eabi/6.3.1/../../../../arm-atollic-eabi/lib/armv7e-m/fpu/libnosys.a(write.o) (errno)

Allocating common symbols
Common symbol       size              file

errno               0x4               /opt/Atollic_TrueSTUDIO_for_STM32_x86_64_9.3.0/ARMTools/bin/../lib/gcc/arm-atollic-eabi/6.3.1/../../../../arm-atollic-eabi/lib/armv7e-m/fpu/libnosys.a(errno.o)

Discarded input sections

 .text          0x0000000000000000        0x0 /opt/Atollic_TrueSTUDIO_for_STM32_x86_64_9.3.0/ARMTools/bin/../lib/gcc/arm-atollic-eabi/6.3.1/armv7e-m/fpu/crti.o
 .data          0x0000000000000000        0x0 /opt/Atollic_TrueSTUDIO_for_STM32_x86_64_9.3.0/ARMTools/bin/../lib/gcc/arm-atollic-eabi/6.3.1/armv7e-m/fpu/crti.o
 .bss           0x0000000000000000        0x0 /opt/Atollic_TrueSTUDIO_for_STM32_x86_64_9.3.0/ARMTools/bin/../lib/gcc/arm-atollic-eabi/6.3.1/armv7e-m/fpu/crti.o
 .data          0x0000000000000000        0x4 /opt/Atollic_TrueSTUDIO_for_STM32_x86_64_9.3.0/ARMTools/bin/../lib/gcc/arm-atollic-eabi/6.3.1/armv7e-m/fpu/crtbegin.o
 .text          0x0000000000000000        0x0 Libraries/STM32F4xx_StdPeriph_Driver/src/misc.o
 .data          0x0000000000000000        0x0 Libraries/STM32F4xx_StdPeriph_Driver/src/misc.o
 .bss           0x0000000000000000        0x0 Libraries/STM32F4xx_StdPeriph_Driver/src/misc.o
 .text.NVIC_PriorityGroupConfig
                0x0000000000000000       0x14 Libraries/STM32F4xx_StdPeriph_Driver/src/misc.o
 .text.NVIC_Init
                0x0000000000000000       0x68 Libraries/STM32F4xx_StdPeriph_Driver/src/misc.o
 .text.NVIC_SetVectorTable
                0x0000000000000000       0x14 Libraries/STM32F4xx_StdPeriph_Driver/src/misc.o
 .text.NVIC_SystemLPConfig
                0x0000000000000000       0x1c Libraries/STM32F4xx_StdPeriph_Driver/src/misc.o
 .text.SysTick_CLKSourceConfig
                0x0000000000000000       0x18 Libraries/STM32F4xx_StdPeriph_Driver/src/misc.o
 .debug_info    0x0000000000000000      0x551 Libraries/STM32F4xx_StdPeriph_Driver/src/misc.o
 .debug_abbrev  0x0000000000000000      0x181 Libraries/STM32F4xx_StdPeriph_Driver/src/misc.o
 .debug_loc     0x0000000000000000      0x152 Libraries/STM32F4xx_StdPeriph_Driver/src/misc.o
 .debug_aranges
                0x0000000000000000       0x40 Libraries/STM32F4xx_StdPeriph_Driver/src/misc.o
 .debug_ranges  0x0000000000000000       0x30 Libraries/STM32F4xx_StdPeriph_Driver/src/misc.o
 .debug_line    0x0000000000000000      0x253 Libraries/STM32F4xx_StdPeriph_Driver/src/misc.o
 .debug_str     0x0000000000000000      0x452 Libraries/STM32F4xx_StdPeriph_Driver/src/misc.o
 .comment       0x0000000000000000       0x7d Libraries/STM32F4xx_StdPeriph_Driver/src/misc.o
 .debug_frame   0x0000000000000000       0x70 Libraries/STM32F4xx_StdPeriph_Driver/src/misc.o
 .ARM.attributes
[...]
Memory Configuration

Name             Origin             Length             Attributes
FLASH            0x0000000008000000 0x0000000000100000 xr
RAM              0x0000000020000000 0x0000000000020000 xrw
MEMORY_B1        0x0000000060000000 0x0000000000000000 xr
CCMRAM           0x0000000010000000 0x0000000000010000 rw
*default*        0x0000000000000000 0xffffffffffffffff

Linker script and memory map

LOAD /opt/Atollic_TrueSTUDIO_for_STM32_x86_64_9.3.0/ARMTools/bin/../lib/gcc/arm-atollic-eabi/6.3.1/armv7e-m/fpu/crti.o
LOAD /opt/Atollic_TrueSTUDIO_for_STM32_x86_64_9.3.0/ARMTools/bin/../lib/gcc/arm-atollic-eabi/6.3.1/armv7e-m/fpu/crtbegin.o
LOAD Libraries/STM32F4xx_StdPeriph_Driver/src/misc.o
LOAD Libraries/STM32F4xx_StdPeriph_Driver/src/stm32f4xx_adc.o
LOAD Libraries/STM32F4xx_StdPeriph_Driver/src/stm32f4xx_can.o
LOAD Libraries/STM32F4xx_StdPeriph_Driver/src/stm32f4xx_crc.o
LOAD Libraries/STM32F4xx_StdPeriph_Driver/src/stm32f4xx_cryp.o
LOAD Libraries/STM32F4xx_StdPeriph_Driver/src/stm32f4xx_cryp_aes.o
LOAD Libraries/STM32F4xx_StdPeriph_Driver/src/stm32f4xx_cryp_des.o
LOAD Libraries/STM32F4xx_StdPeriph_Driver/src/stm32f4xx_cryp_tdes.o
LOAD Libraries/STM32F4xx_StdPeriph_Driver/src/stm32f4xx_dac.o
LOAD Libraries/STM32F4xx_StdPeriph_Driver/src/stm32f4xx_dbgmcu.o
LOAD Libraries/STM32F4xx_StdPeriph_Driver/src/stm32f4xx_dcmi.o
LOAD Libraries/STM32F4xx_StdPeriph_Driver/src/stm32f4xx_dma.o
LOAD Libraries/STM32F4xx_StdPeriph_Driver/src/stm32f4xx_exti.o
LOAD Libraries/STM32F4xx_StdPeriph_Driver/src/stm32f4xx_flash.o
LOAD Libraries/STM32F4xx_StdPeriph_Driver/src/stm32f4xx_fsmc.o
LOAD Libraries/STM32F4xx_StdPeriph_Driver/src/stm32f4xx_gpio.o
LOAD Libraries/STM32F4xx_StdPeriph_Driver/src/stm32f4xx_hash.o
LOAD Libraries/STM32F4xx_StdPeriph_Driver/src/stm32f4xx_hash_md5.o
LOAD Libraries/STM32F4xx_StdPeriph_Driver/src/stm32f4xx_hash_sha1.o
LOAD Libraries/STM32F4xx_StdPeriph_Driver/src/stm32f4xx_i2c.o
LOAD Libraries/STM32F4xx_StdPeriph_Driver/src/stm32f4xx_iwdg.o
LOAD Libraries/STM32F4xx_StdPeriph_Driver/src/stm32f4xx_pwr.o
LOAD Libraries/STM32F4xx_StdPeriph_Driver/src/stm32f4xx_rcc.o
LOAD Libraries/STM32F4xx_StdPeriph_Driver/src/stm32f4xx_rng.o
LOAD Libraries/STM32F4xx_StdPeriph_Driver/src/stm32f4xx_rtc.o
LOAD Libraries/STM32F4xx_StdPeriph_Driver/src/stm32f4xx_sdio.o
LOAD Libraries/STM32F4xx_StdPeriph_Driver/src/stm32f4xx_spi.o
LOAD Libraries/STM32F4xx_StdPeriph_Driver/src/stm32f4xx_syscfg.o
LOAD Libraries/STM32F4xx_StdPeriph_Driver/src/stm32f4xx_tim.o
LOAD Libraries/STM32F4xx_StdPeriph_Driver/src/stm32f4xx_usart.o
LOAD Libraries/STM32F4xx_StdPeriph_Driver/src/stm32f4xx_wwdg.o
LOAD src/ADC.o
LOAD src/DMA.o
LOAD src/GPIO_Func.o
LOAD src/SPI.o
LOAD src/USART.o
LOAD src/W5500.o
LOAD src/main.o
LOAD src/startup_stm32f40xx.o
LOAD src/stm32f4xx_it.o
LOAD src/system_stm32f4xx.o
LOAD src/tiny_printf.o
                0x0000000000000080                malloc_getpagesize_P = 0x80
START GROUP
LOAD /opt/Atollic_TrueSTUDIO_for_STM32_x86_64_9.3.0/ARMTools/bin/../lib/gcc/arm-atollic-eabi/6.3.1/../../../../arm-atollic-eabi/lib/armv7e-m/fpu/libc_nano.a
LOAD /opt/Atollic_TrueSTUDIO_for_STM32_x86_64_9.3.0/ARMTools/bin/../lib/gcc/arm-atollic-eabi/6.3.1/../../../../arm-atollic-eabi/lib/armv7e-m/fpu/libm.a
END GROUP
START GROUP
LOAD /opt/Atollic_TrueSTUDIO_for_STM32_x86_64_9.3.0/ARMTools/bin/../lib/gcc/arm-atollic-eabi/6.3.1/armv7e-m/fpu/libgcc.a
LOAD /opt/Atollic_TrueSTUDIO_for_STM32_x86_64_9.3.0/ARMTools/bin/../lib/gcc/arm-atollic-eabi/6.3.1/../../../../arm-atollic-eabi/lib/armv7e-m/fpu/libc_nano.a
END GROUP
START GROUP
LOAD /opt/Atollic_TrueSTUDIO_for_STM32_x86_64_9.3.0/ARMTools/bin/../lib/gcc/arm-atollic-eabi/6.3.1/armv7e-m/fpu/libgcc.a
LOAD /opt/Atollic_TrueSTUDIO_for_STM32_x86_64_9.3.0/ARMTools/bin/../lib/gcc/arm-atollic-eabi/6.3.1/../../../../arm-atollic-eabi/lib/armv7e-m/fpu/libc_nano.a
LOAD /opt/Atollic_TrueSTUDIO_for_STM32_x86_64_9.3.0/ARMTools/bin/../lib/gcc/arm-atollic-eabi/6.3.1/../../../../arm-atollic-eabi/lib/armv7e-m/fpu/libnosys.a
END GROUP
START GROUP
LOAD /opt/Atollic_TrueSTUDIO_for_STM32_x86_64_9.3.0/ARMTools/bin/../lib/gcc/arm-atollic-eabi/6.3.1/armv7e-m/fpu/libgcc.a
LOAD /opt/Atollic_TrueSTUDIO_for_STM32_x86_64_9.3.0/ARMTools/bin/../lib/gcc/arm-atollic-eabi/6.3.1/../../../../arm-atollic-eabi/lib/armv7e-m/fpu/libc_nano.a
LOAD /opt/Atollic_TrueSTUDIO_for_STM32_x86_64_9.3.0/ARMTools/bin/../lib/gcc/arm-atollic-eabi/6.3.1/../../../../arm-atollic-eabi/lib/armv7e-m/fpu/libnosys.a
END GROUP
LOAD /opt/Atollic_TrueSTUDIO_for_STM32_x86_64_9.3.0/ARMTools/bin/../lib/gcc/arm-atollic-eabi/6.3.1/armv7e-m/fpu/crtend.o
LOAD /opt/Atollic_TrueSTUDIO_for_STM32_x86_64_9.3.0/ARMTools/bin/../lib/gcc/arm-atollic-eabi/6.3.1/armv7e-m/fpu/crtn.o
                0x0000000020020000                _estack = 0x20020000
                0x0000000000000000                _Min_Heap_Size = 0x0
                0x0000000000000400                _Min_Stack_Size = 0x400

.isr_vector     0x0000000008000000      0x188
                0x0000000008000000                . = ALIGN (0x4)
 *(.isr_vector)
 .isr_vector    0x0000000008000000      0x188 src/startup_stm32f40xx.o
                0x0000000008000000                g_pfnVectors
                0x0000000008000188                . = ALIGN (0x4)

.text           0x0000000008000188     0x15a0
                0x0000000008000188                . = ALIGN (0x4)
 *(.text)
 .text          0x0000000008000188       0x40 /opt/Atollic_TrueSTUDIO_for_STM32_x86_64_9.3.0/ARMTools/bin/../lib/gcc/arm-atollic-eabi/6.3.1/armv7e-m/fpu/crtbegin.o
 .text          0x00000000080001c8      0x370 /opt/Atollic_TrueSTUDIO_for_STM32_x86_64_9.3.0/ARMTools/bin/../lib/gcc/arm-atollic-eabi/6.3.1/armv7e-m/fpu/libgcc.a(_arm_addsubdf3.o)
                0x00000000080001c8                __aeabi_drsub
                0x00000000080001d0                __aeabi_dsub
                0x00000000080001d0                __subdf3
                0x00000000080001d4                __adddf3
                0x00000000080001d4                __aeabi_dadd
                0x000000000800044c                __aeabi_ui2d
                0x000000000800044c                __floatunsidf
                0x000000000800046c                __floatsidf
                0x000000000800046c                __aeabi_i2d
                0x0000000008000490                __extendsfdf2
                0x0000000008000490                __aeabi_f2d
                0x00000000080004cc                __aeabi_ul2d
                0x00000000080004cc                __floatundidf
                0x00000000080004dc                __floatdidf
                0x00000000080004dc                __aeabi_l2d
 .text          0x0000000008000538      0x424 /opt/Atollic_TrueSTUDIO_for_STM32_x86_64_9.3.0/ARMTools/bin/../lib/gcc/arm-atollic-eabi/6.3.1/armv7e-m/fpu/libgcc.a(_arm_muldivdf3.o)
                0x0000000008000538                __aeabi_dmul
                0x0000000008000538                __muldf3
                0x000000000800078c                __aeabi_ddiv
                0x000000000800078c                __divdf3
 .text          0x000000000800095c       0x40 /opt/Atollic_TrueSTUDIO_for_STM32_x86_64_9.3.0/ARMTools/bin/../lib/gcc/arm-atollic-eabi/6.3.1/armv7e-m/fpu/libgcc.a(_arm_fixunsdfsi.o)
                0x000000000800095c                __fixunsdfsi
                0x000000000800095c                __aeabi_d2uiz
 *(.text*)
 .text.ADC1In8Read
                0x000000000800099c       0x1c src/ADC.o
                0x000000000800099c                ADC1In8Read
 .text.InitGPIO
                0x00000000080009b8      0x2d4 src/GPIO_Func.o
                0x00000000080009b8                InitGPIO
 .text.SPI1Init
                0x0000000008000c8c       0x80 src/SPI.o
                0x0000000008000c8c                SPI1Init
 .text.SPI1SendNByte
                0x0000000008000d0c       0x44 src/SPI.o
                0x0000000008000d0c                SPI1SendNByte
 .text.SPI1SendNByteReceive1Byte
                0x0000000008000d50       0x68 src/SPI.o
                0x0000000008000d50                SPI1SendNByteReceive1Byte
 .text.SPI1SendNByteReceiveNByte
                0x0000000008000db8       0x70 src/SPI.o
                0x0000000008000db8                SPI1SendNByteReceiveNByte
 .text.USART3Init
                0x0000000008000e28       0xa4 src/USART.o
                0x0000000008000e28                USART3Init
 .text.USART3SendText
                0x0000000008000ecc       0x1c src/USART.o
                0x0000000008000ecc                USART3SendText
 .text.W5500SpiConnCheck
                0x0000000008000ee8       0x28 src/W5500.o
                0x0000000008000ee8                W5500SpiConnCheck
 .text.W5500InitV2
                0x0000000008000f10      0x16c src/W5500.o
                0x0000000008000f10                W5500InitV2
 .text.W5500InitTCP
                0x000000000800107c       0xf0 src/W5500.o
                0x000000000800107c                W5500InitTCP
 .text.W5500OpenTCPServer
                0x000000000800116c       0xc4 src/W5500.o
                0x000000000800116c                W5500OpenTCPServer
 .text.CheckInterruptStatus
                0x0000000008001230       0xc4 src/W5500.o
                0x0000000008001230                CheckInterruptStatus
 .text.ReadRecvSize
                0x00000000080012f4       0x3c src/W5500.o
                0x00000000080012f4                ReadRecvSize
 .text.startup.main
                0x0000000008001330       0x90 src/main.o
                0x0000000008001330                main
 .text.EXTI3_IRQHandler
                0x00000000080013c0       0x8c src/main.o
                0x00000000080013c0                EXTI3_IRQHandler
 .text.EXTI0_IRQHandler
                0x000000000800144c       0x34 src/main.o
                0x000000000800144c                EXTI0_IRQHandler
 .text.DMA2_Stream0_IRQHandler
                0x0000000008001480       0x60 src/main.o
                0x0000000008001480                DMA2_Stream0_IRQHandler
 .text.USART3_IRQHandler
                0x00000000080014e0       0x34 src/main.o
                0x00000000080014e0                USART3_IRQHandler
 .text.ADC_IRQHandler
                0x0000000008001514       0x34 src/main.o
                0x0000000008001514                ADC_IRQHandler
 .text.Reset_Handler
                0x0000000008001548       0x50 src/startup_stm32f40xx.o
                0x0000000008001548                Reset_Handler
 .text.Default_Handler
                0x0000000008001598        0x2 src/startup_stm32f40xx.o
                0x0000000008001598                RTC_Alarm_IRQHandler
                0x0000000008001598                HASH_RNG_IRQHandler
                0x0000000008001598                EXTI2_IRQHandler
                0x0000000008001598                TIM8_CC_IRQHandler
                0x0000000008001598                TIM1_CC_IRQHandler
                0x0000000008001598                DMA2_Stream5_IRQHandler
                0x0000000008001598                DMA1_Stream5_IRQHandler
                0x0000000008001598                PVD_IRQHandler
                0x0000000008001598                SDIO_IRQHandler
                0x0000000008001598                TAMP_STAMP_IRQHandler
                0x0000000008001598                CAN2_RX1_IRQHandler
                0x0000000008001598                TIM8_TRG_COM_TIM14_IRQHandler
                0x0000000008001598                TIM1_UP_TIM10_IRQHandler
                0x0000000008001598                TIM8_UP_TIM13_IRQHandler
                0x0000000008001598                I2C3_ER_IRQHandler
                0x0000000008001598                I2C2_EV_IRQHandler
                0x0000000008001598                DMA1_Stream2_IRQHandler
                0x0000000008001598                CAN1_RX0_IRQHandler
                0x0000000008001598                FPU_IRQHandler
                0x0000000008001598                OTG_HS_WKUP_IRQHandler
                0x0000000008001598                CAN2_SCE_IRQHandler
                0x0000000008001598                DMA2_Stream2_IRQHandler
                0x0000000008001598                SPI1_IRQHandler
                0x0000000008001598                TIM6_DAC_IRQHandler
                0x0000000008001598                TIM1_BRK_TIM9_IRQHandler
                0x0000000008001598                DCMI_IRQHandler
                0x0000000008001598                CAN2_RX0_IRQHandler
                0x0000000008001598                DMA2_Stream3_IRQHandler
                0x0000000008001598                USART6_IRQHandler
                0x0000000008001598                CRYP_IRQHandler
                0x0000000008001598                CAN1_RX1_IRQHandler
                0x0000000008001598                UART5_IRQHandler
                0x0000000008001598                TIM4_IRQHandler
                0x0000000008001598                I2C1_EV_IRQHandler
                0x0000000008001598                DMA1_Stream6_IRQHandler
                0x0000000008001598                DMA1_Stream1_IRQHandler
                0x0000000008001598                UART4_IRQHandler
                0x0000000008001598                TIM3_IRQHandler
                0x0000000008001598                RCC_IRQHandler
                0x0000000008001598                TIM8_BRK_TIM12_IRQHandler
                0x0000000008001598                Default_Handler
                0x0000000008001598                EXTI15_10_IRQHandler
                0x0000000008001598                DMA1_Stream7_IRQHandler
                0x0000000008001598                TIM7_IRQHandler
                0x0000000008001598                CAN2_TX_IRQHandler
                0x0000000008001598                TIM5_IRQHandler
                0x0000000008001598                DMA2_Stream7_IRQHandler
                0x0000000008001598                I2C3_EV_IRQHandler
                0x0000000008001598                EXTI9_5_IRQHandler
                0x0000000008001598                RTC_WKUP_IRQHandler
                0x0000000008001598                ETH_WKUP_IRQHandler
                0x0000000008001598                SPI2_IRQHandler
                0x0000000008001598                OTG_HS_EP1_IN_IRQHandler
                0x0000000008001598                DMA1_Stream0_IRQHandler
                0x0000000008001598                CAN1_TX_IRQHandler
                0x0000000008001598                EXTI4_IRQHandler
                0x0000000008001598                FSMC_IRQHandler
                0x0000000008001598                ETH_IRQHandler
                0x0000000008001598                OTG_HS_EP1_OUT_IRQHandler
                0x0000000008001598                WWDG_IRQHandler
                0x0000000008001598                TIM2_IRQHandler
                0x0000000008001598                OTG_FS_WKUP_IRQHandler
                0x0000000008001598                TIM1_TRG_COM_TIM11_IRQHandler
                0x0000000008001598                OTG_HS_IRQHandler
                0x0000000008001598                EXTI1_IRQHandler
                0x0000000008001598                USART2_IRQHandler
                0x0000000008001598                I2C2_ER_IRQHandler
                0x0000000008001598                DMA2_Stream1_IRQHandler
                0x0000000008001598                CAN1_SCE_IRQHandler
                0x0000000008001598                FLASH_IRQHandler
                0x0000000008001598                DMA2_Stream4_IRQHandler
                0x0000000008001598                USART1_IRQHandler
                0x0000000008001598                OTG_FS_IRQHandler
                0x0000000008001598                SPI3_IRQHandler
                0x0000000008001598                DMA1_Stream4_IRQHandler
                0x0000000008001598                I2C1_ER_IRQHandler
                0x0000000008001598                DMA2_Stream6_IRQHandler
                0x0000000008001598                DMA1_Stream3_IRQHandler
 *fill*         0x000000000800159a        0x2 
 .text.NMI_Handler
                0x000000000800159c        0x4 src/stm32f4xx_it.o
                0x000000000800159c                NMI_Handler
 .text.HardFault_Handler
                0x00000000080015a0        0x4 src/stm32f4xx_it.o
                0x00000000080015a0                HardFault_Handler
 .text.MemManage_Handler
                0x00000000080015a4        0x4 src/stm32f4xx_it.o
                0x00000000080015a4                MemManage_Handler
 .text.BusFault_Handler
                0x00000000080015a8        0x4 src/stm32f4xx_it.o
                0x00000000080015a8                BusFault_Handler
 .text.UsageFault_Handler
                0x00000000080015ac        0x4 src/stm32f4xx_it.o
                0x00000000080015ac                UsageFault_Handler
 .text.SVC_Handler
                0x00000000080015b0        0x4 src/stm32f4xx_it.o
                0x00000000080015b0                SVC_Handler
 .text.DebugMon_Handler
                0x00000000080015b4        0x4 src/stm32f4xx_it.o
                0x00000000080015b4                DebugMon_Handler
 .text.PendSV_Handler
                0x00000000080015b8        0x4 src/stm32f4xx_it.o
                0x00000000080015b8                PendSV_Handler
 .text.SysTick_Handler
                0x00000000080015bc       0x10 src/stm32f4xx_it.o
                0x00000000080015bc                SysTick_Handler
 .text.SystemInit
                0x00000000080015cc       0xfc src/system_stm32f4xx.o
                0x00000000080015cc                SystemInit
 .text.__libc_init_array
                0x00000000080016c8       0x48 /opt/Atollic_TrueSTUDIO_for_STM32_x86_64_9.3.0/ARMTools/bin/../lib/gcc/arm-atollic-eabi/6.3.1/../../../../arm-atollic-eabi/lib/armv7e-m/fpu/libc_nano.a(lib_a-init.o)
                0x00000000080016c8                __libc_init_array
 *(.glue_7)
 .glue_7        0x0000000008001710        0x0 linker stubs
 *(.glue_7t)
 .glue_7t       0x0000000008001710        0x0 linker stubs
 *(.eh_frame)
 .eh_frame      0x0000000008001710        0x0 /opt/Atollic_TrueSTUDIO_for_STM32_x86_64_9.3.0/ARMTools/bin/../lib/gcc/arm-atollic-eabi/6.3.1/armv7e-m/fpu/crtbegin.o
 *(.init)
 .init          0x0000000008001710        0x4 /opt/Atollic_TrueSTUDIO_for_STM32_x86_64_9.3.0/ARMTools/bin/../lib/gcc/arm-atollic-eabi/6.3.1/armv7e-m/fpu/crti.o
                0x0000000008001710                _init
 .init          0x0000000008001714        0x8 /opt/Atollic_TrueSTUDIO_for_STM32_x86_64_9.3.0/ARMTools/bin/../lib/gcc/arm-atollic-eabi/6.3.1/armv7e-m/fpu/crtn.o
 *(.fini)
 .fini          0x000000000800171c        0x4 /opt/Atollic_TrueSTUDIO_for_STM32_x86_64_9.3.0/ARMTools/bin/../lib/gcc/arm-atollic-eabi/6.3.1/armv7e-m/fpu/crti.o
                0x000000000800171c                _fini
 .fini          0x0000000008001720        0x8 /opt/Atollic_TrueSTUDIO_for_STM32_x86_64_9.3.0/ARMTools/bin/../lib/gcc/arm-atollic-eabi/6.3.1/armv7e-m/fpu/crtn.o
                0x0000000008001728                . = ALIGN (0x4)
                0x0000000008001728                _etext = .

.vfp11_veneer   0x0000000008001728        0x0
 .vfp11_veneer  0x0000000008001728        0x0 linker stubs

.v4_bx          0x0000000008001728        0x0
 .v4_bx         0x0000000008001728        0x0 linker stubs

.iplt           0x0000000008001728        0x0
 .iplt          0x0000000008001728        0x0 /opt/Atollic_TrueSTUDIO_for_STM32_x86_64_9.3.0/ARMTools/bin/../lib/gcc/arm-atollic-eabi/6.3.1/armv7e-m/fpu/crtbegin.o

.rel.dyn        0x0000000008001728        0x0
 .rel.iplt      0x0000000008001728        0x0 /opt/Atollic_TrueSTUDIO_for_STM32_x86_64_9.3.0/ARMTools/bin/../lib/gcc/arm-atollic-eabi/6.3.1/armv7e-m/fpu/crtbegin.o

.rodata         0x0000000008001728        0x0
                0x0000000008001728                . = ALIGN (0x4)
 *(.rodata)
 *(.rodata*)
                0x0000000008001728                . = ALIGN (0x4)

.ARM.extab
 *(.ARM.extab* .gnu.linkonce.armextab.*)

.ARM            0x0000000008001728        0x0
                0x0000000008001728                __exidx_start = .
 *(.ARM.exidx*)
                0x0000000008001728                __exidx_end = .

.preinit_array  0x0000000008001728        0x0
                0x0000000008001728                PROVIDE (__preinit_array_start, .)
 *(.preinit_array*)
                0x0000000008001728                PROVIDE (__preinit_array_end, .)

.init_array     0x0000000008001728        0x4
                0x0000000008001728                PROVIDE (__init_array_start, .)
 *(SORT(.init_array.*))
 *(.init_array*)
 .init_array    0x0000000008001728        0x4 /opt/Atollic_TrueSTUDIO_for_STM32_x86_64_9.3.0/ARMTools/bin/../lib/gcc/arm-atollic-eabi/6.3.1/armv7e-m/fpu/crtbegin.o
                0x000000000800172c                PROVIDE (__init_array_end, .)

.fini_array     0x000000000800172c        0x4
                [!provide]                        PROVIDE (__fini_array_start, .)
 *(SORT(.fini_array.*))
 *(.fini_array*)
 .fini_array    0x000000000800172c        0x4 /opt/Atollic_TrueSTUDIO_for_STM32_x86_64_9.3.0/ARMTools/bin/../lib/gcc/arm-atollic-eabi/6.3.1/armv7e-m/fpu/crtbegin.o
                [!provide]                        PROVIDE (__fini_array_end, .)
                0x0000000008001730                _sidata = LOADADDR (.data)

.data           0x0000000020000000       0x18 load address 0x0000000008001730
                0x0000000020000000                . = ALIGN (0x4)
                0x0000000020000000                _sdata = .
 *(.data)
 *(.data*)
 .data.gateway  0x0000000020000000        0x4 src/main.o
                0x0000000020000000                gateway
 .data.ip       0x0000000020000004        0x4 src/main.o
                0x0000000020000004                ip
 .data.mac      0x0000000020000008        0x6 src/main.o
                0x0000000020000008                mac
 .data.port     0x000000002000000e        0x2 src/main.o
                0x000000002000000e                port
 .data.submask  0x0000000020000010        0x4 src/main.o
                0x0000000020000010                submask
 .data.SystemCoreClock
                0x0000000020000014        0x4 src/system_stm32f4xx.o
                0x0000000020000014                SystemCoreClock
                0x0000000020000018                . = ALIGN (0x4)
                0x0000000020000018                _edata = .
                0x0000000008001748                _siccmram = LOADADDR (.ccmram)

.igot.plt       0x0000000020000018        0x0 load address 0x0000000008001748
 .igot.plt      0x0000000020000018        0x0 /opt/Atollic_TrueSTUDIO_for_STM32_x86_64_9.3.0/ARMTools/bin/../lib/gcc/arm-atollic-eabi/6.3.1/armv7e-m/fpu/crtbegin.o

.ccmram         0x0000000010000000        0x0 load address 0x0000000008001748
                0x0000000010000000                . = ALIGN (0x4)
                0x0000000010000000                _sccmram = .
 *(.ccmram)
 *(.ccmram*)
                0x0000000010000000                . = ALIGN (0x4)
                0x0000000010000000                _eccmram = .
                0x0000000010000000                . = ALIGN (0x4)

.bss            0x0000000020000018       0x24
                0x0000000020000018                _sbss = .
                0x0000000020000018                __bss_start__ = _sbss
 *(.bss)
 .bss           0x0000000020000018       0x1c /opt/Atollic_TrueSTUDIO_for_STM32_x86_64_9.3.0/ARMTools/bin/../lib/gcc/arm-atollic-eabi/6.3.1/armv7e-m/fpu/crtbegin.o
 *(.bss*)
 .bss.TCP_sorket_num
                0x0000000020000034        0x1 src/main.o
                0x0000000020000034                TCP_sorket_num
 *fill*         0x0000000020000035        0x3 
 .bss.delay_cnt
                0x0000000020000038        0x4 src/stm32f4xx_it.o
                0x0000000020000038                delay_cnt
 *(COMMON)
                0x000000002000003c                . = ALIGN (0x4)
                0x000000002000003c                _ebss = .
                0x000000002000003c                __bss_end__ = _ebss

._user_heap_stack
                0x000000002000003c      0x400
                0x000000002000003c                . = ALIGN (0x4)
                [!provide]                        PROVIDE (end, .)
                [!provide]                        PROVIDE (_end, .)
                0x000000002000003c                . = (. + _Min_Heap_Size)
                0x000000002000043c                . = (. + _Min_Stack_Size)
 *fill*         0x000000002000003c      0x400 
                0x000000002000043c                . = ALIGN (0x4)

.memory_b1_text
 *(.mb1text)
 *(.mb1text*)
 *(.mb1rodata)
 *(.mb1rodata*)

/DISCARD/
 libc.a(*)
 libm.a(*)
 libgcc.a(*)

.ARM.attributes
                0x0000000000000000       0x30
 *(.ARM.attributes)
 .ARM.attributes
                0x0000000000000000       0x22 /opt/Atollic_TrueSTUDIO_for_STM32_x86_64_9.3.0/ARMTools/bin/../lib/gcc/arm-atollic-eabi/6.3.1/armv7e-m/fpu/crti.o
 .ARM.attributes
                0x0000000000000022       0x34 /opt/Atollic_TrueSTUDIO_for_STM32_x86_64_9.3.0/ARMTools/bin/../lib/gcc/arm-atollic-eabi/6.3.1/armv7e-m/fpu/crtbegin.o
 .ARM.attributes
                0x0000000000000056       0x39 src/ADC.o
 .ARM.attributes
                0x000000000000008f       0x39 src/GPIO_Func.o
 .ARM.attributes
                0x00000000000000c8       0x39 src/SPI.o
 .ARM.attributes
                0x0000000000000101       0x39 src/USART.o
 .ARM.attributes
                0x000000000000013a       0x39 src/W5500.o
 .ARM.attributes
                0x0000000000000173       0x39 src/main.o
 .ARM.attributes
                0x00000000000001ac       0x21 src/startup_stm32f40xx.o
 .ARM.attributes
                0x00000000000001cd       0x39 src/stm32f4xx_it.o
 .ARM.attributes
                0x0000000000000206       0x39 src/system_stm32f4xx.o
 .ARM.attributes
                0x000000000000023f       0x34 /opt/Atollic_TrueSTUDIO_for_STM32_x86_64_9.3.0/ARMTools/bin/../lib/gcc/arm-atollic-eabi/6.3.1/../../../../arm-atollic-eabi/lib/armv7e-m/fpu/libc_nano.a(lib_a-init.o)
 .ARM.attributes
                0x0000000000000273       0x22 /opt/Atollic_TrueSTUDIO_for_STM32_x86_64_9.3.0/ARMTools/bin/../lib/gcc/arm-atollic-eabi/6.3.1/armv7e-m/fpu/libgcc.a(_arm_addsubdf3.o)
 .ARM.attributes
                0x0000000000000295       0x22 /opt/Atollic_TrueSTUDIO_for_STM32_x86_64_9.3.0/ARMTools/bin/../lib/gcc/arm-atollic-eabi/6.3.1/armv7e-m/fpu/libgcc.a(_arm_muldivdf3.o)
 .ARM.attributes
                0x00000000000002b7       0x22 /opt/Atollic_TrueSTUDIO_for_STM32_x86_64_9.3.0/ARMTools/bin/../lib/gcc/arm-atollic-eabi/6.3.1/armv7e-m/fpu/libgcc.a(_arm_fixunsdfsi.o)
 .ARM.attributes
                0x00000000000002d9       0x22 /opt/Atollic_TrueSTUDIO_for_STM32_x86_64_9.3.0/ARMTools/bin/../lib/gcc/arm-atollic-eabi/6.3.1/armv7e-m/fpu/crtn.o
OUTPUT(Test_project.elf elf32-littlearm)

.debug_info     0x0000000000000000     0x3846
 .debug_info    0x0000000000000000      0x78d src/ADC.o
 .debug_info    0x000000000000078d      0x77e src/GPIO_Func.o
 .debug_info    0x0000000000000f0b      0x470 src/SPI.o
 .debug_info    0x000000000000137b      0x5da src/USART.o
 .debug_info    0x0000000000001955      0x9bd src/W5500.o
 .debug_info    0x0000000000002312      0xd2c src/main.o
 .debug_info    0x000000000000303e       0x76 src/startup_stm32f40xx.o
 .debug_info    0x00000000000030b4      0x198 src/stm32f4xx_it.o
 .debug_info    0x000000000000324c      0x5fa src/system_stm32f4xx.o

.debug_abbrev   0x0000000000000000      0xc6e
 .debug_abbrev  0x0000000000000000      0x14b src/ADC.o
 .debug_abbrev  0x000000000000014b      0x119 src/GPIO_Func.o
 .debug_abbrev  0x0000000000000264      0x1a7 src/SPI.o
 .debug_abbrev  0x000000000000040b      0x1bc src/USART.o
 .debug_abbrev  0x00000000000005c7      0x1a2 src/W5500.o
 .debug_abbrev  0x0000000000000769      0x285 src/main.o
 .debug_abbrev  0x00000000000009ee       0x12 src/startup_stm32f40xx.o
 .debug_abbrev  0x0000000000000a00       0xf1 src/stm32f4xx_it.o
 .debug_abbrev  0x0000000000000af1      0x17d src/system_stm32f4xx.o

.debug_aranges  0x0000000000000000      0x210
 .debug_aranges
                0x0000000000000000       0x38 src/ADC.o
 .debug_aranges
                0x0000000000000038       0x20 src/GPIO_Func.o
 .debug_aranges
                0x0000000000000058       0x48 src/SPI.o
 .debug_aranges
                0x00000000000000a0       0x30 src/USART.o
 .debug_aranges
                0x00000000000000d0       0x50 src/W5500.o
 .debug_aranges
                0x0000000000000120       0x48 src/main.o
 .debug_aranges
                0x0000000000000168       0x28 src/startup_stm32f40xx.o
 .debug_aranges
                0x0000000000000190       0x58 src/stm32f4xx_it.o
 .debug_aranges
                0x00000000000001e8       0x28 src/system_stm32f4xx.o

.debug_ranges   0x0000000000000000      0x250
 .debug_ranges  0x0000000000000000       0x28 src/ADC.o
 .debug_ranges  0x0000000000000028       0x10 src/GPIO_Func.o
 .debug_ranges  0x0000000000000038       0x98 src/SPI.o
 .debug_ranges  0x00000000000000d0       0x20 src/USART.o
 .debug_ranges  0x00000000000000f0       0x40 src/W5500.o
 .debug_ranges  0x0000000000000130       0x88 src/main.o
 .debug_ranges  0x00000000000001b8       0x20 src/startup_stm32f40xx.o
 .debug_ranges  0x00000000000001d8       0x48 src/stm32f4xx_it.o
 .debug_ranges  0x0000000000000220       0x30 src/system_stm32f4xx.o

.debug_line     0x0000000000000000     0x12da
 .debug_line    0x0000000000000000      0x1ea src/ADC.o
 .debug_line    0x00000000000001ea      0x1ff src/GPIO_Func.o
 .debug_line    0x00000000000003e9      0x26d src/SPI.o
 .debug_line    0x0000000000000656      0x1ca src/USART.o
 .debug_line    0x0000000000000820      0x3c7 src/W5500.o
 .debug_line    0x0000000000000be7      0x285 src/main.o
 .debug_line    0x0000000000000e6c       0x7a src/startup_stm32f40xx.o
 .debug_line    0x0000000000000ee6      0x1f8 src/stm32f4xx_it.o
 .debug_line    0x00000000000010de      0x1fc src/system_stm32f4xx.o

.debug_str      0x0000000000000000      0xfd0
 .debug_str     0x0000000000000000      0x86c src/ADC.o
                                        0x8cc (size before relaxing)
 .debug_str     0x000000000000086c       0x9e src/GPIO_Func.o
                                        0x8c0 (size before relaxing)
 .debug_str     0x000000000000090a       0xfc src/SPI.o
                                        0x384 (size before relaxing)
 .debug_str     0x0000000000000a06       0x70 src/USART.o
                                        0x7e1 (size before relaxing)
 .debug_str     0x0000000000000a76      0x21a src/W5500.o
                                        0x44f (size before relaxing)
 .debug_str     0x0000000000000c90      0x1c2 src/main.o
                                        0xa9c (size before relaxing)
 .debug_str     0x0000000000000e52       0xc0 src/stm32f4xx_it.o
                                        0x28d (size before relaxing)
 .debug_str     0x0000000000000f12       0xbe src/system_stm32f4xx.o
                                        0x406 (size before relaxing)

.comment        0x0000000000000000       0x7c
 .comment       0x0000000000000000       0x7c src/ADC.o
                                         0x7d (size before relaxing)
 .comment       0x000000000000007c       0x7d src/GPIO_Func.o
 .comment       0x000000000000007c       0x7d src/SPI.o
 .comment       0x000000000000007c       0x7d src/USART.o
 .comment       0x000000000000007c       0x7d src/W5500.o
 .comment       0x000000000000007c       0x7d src/main.o
 .comment       0x000000000000007c       0x7d src/stm32f4xx_it.o
 .comment       0x000000000000007c       0x7d src/system_stm32f4xx.o

.debug_frame    0x0000000000000000      0x568
 .debug_frame   0x0000000000000000       0x5c src/ADC.o
 .debug_frame   0x000000000000005c       0x34 src/GPIO_Func.o
 .debug_frame   0x0000000000000090       0x8c src/SPI.o
 .debug_frame   0x000000000000011c       0x48 src/USART.o
 .debug_frame   0x0000000000000164      0x120 src/W5500.o
 .debug_frame   0x0000000000000284       0x9c src/main.o
 .debug_frame   0x0000000000000320       0xc0 src/stm32f4xx_it.o
 .debug_frame   0x00000000000003e0       0x3c src/system_stm32f4xx.o
 .debug_frame   0x000000000000041c       0x2c /opt/Atollic_TrueSTUDIO_for_STM32_x86_64_9.3.0/ARMTools/bin/../lib/gcc/arm-atollic-eabi/6.3.1/../../../../arm-atollic-eabi/lib/armv7e-m/fpu/libc_nano.a(lib_a-init.o)
 .debug_frame   0x0000000000000448       0xac /opt/Atollic_TrueSTUDIO_for_STM32_x86_64_9.3.0/ARMTools/bin/../lib/gcc/arm-atollic-eabi/6.3.1/armv7e-m/fpu/libgcc.a(_arm_addsubdf3.o)
 .debug_frame   0x00000000000004f4       0x50 /opt/Atollic_TrueSTUDIO_for_STM32_x86_64_9.3.0/ARMTools/bin/../lib/gcc/arm-atollic-eabi/6.3.1/armv7e-m/fpu/libgcc.a(_arm_muldivdf3.o)
 .debug_frame   0x0000000000000544       0x24 /opt/Atollic_TrueSTUDIO_for_STM32_x86_64_9.3.0/ARMTools/bin/../lib/gcc/arm-atollic-eabi/6.3.1/armv7e-m/fpu/libgcc.a(_arm_fixunsdfsi.o)

.debug_loc      0x0000000000000000      0x92d
 .debug_loc     0x0000000000000000      0x257 src/SPI.o
 .debug_loc     0x0000000000000257      0x126 src/USART.o
 .debug_loc     0x000000000000037d      0x39c src/W5500.o
 .debug_loc     0x0000000000000719       0xb8 src/main.o
 .debug_loc     0x00000000000007d1       0x21 src/stm32f4xx_it.o
 .debug_loc     0x00000000000007f2      0x13b src/system_stm32f4xx.o

.stabstr        0x0000000000000000       0x3f
 .stabstr       0x0000000000000000       0x3f /opt/Atollic_TrueSTUDIO_for_STM32_x86_64_9.3.0/ARMTools/bin/../lib/gcc/arm-atollic-eabi/6.3.1/../../../../arm-atollic-eabi/lib/armv7e-m/fpu/libnosys.a(write.o)

Cross Reference Table

Symbol                                            File
ADC1In8Init                                       src/ADC.o
ADC1In8Read                                       src/ADC.o
                                                  src/main.o
ADC1TempInit                                      src/ADC.o
ADC_AnalogWatchdogCmd                             Libraries/STM32F4xx_StdPeriph_Driver/src/stm32f4xx_adc.o
ADC_AnalogWatchdogSingleChannelConfig             Libraries/STM32F4xx_StdPeriph_Driver/src/stm32f4xx_adc.o
ADC_AnalogWatchdogThresholdsConfig                Libraries/STM32F4xx_StdPeriph_Driver/src/stm32f4xx_adc.o
ADC_AutoInjectedConvCmd                           Libraries/STM32F4xx_StdPeriph_Driver/src/stm32f4xx_adc.o
ADC_ClearFlag                                     Libraries/STM32F4xx_StdPeriph_Driver/src/stm32f4xx_adc.o
ADC_ClearITPendingBit                             Libraries/STM32F4xx_StdPeriph_Driver/src/stm32f4xx_adc.o
ADC_Cmd                                           Libraries/STM32F4xx_StdPeriph_Driver/src/stm32f4xx_adc.o
ADC_CommonInit                                    Libraries/STM32F4xx_StdPeriph_Driver/src/stm32f4xx_adc.o
ADC_CommonStructInit                              Libraries/STM32F4xx_StdPeriph_Driver/src/stm32f4xx_adc.o
ADC_ContinuousModeCmd                             Libraries/STM32F4xx_StdPeriph_Driver/src/stm32f4xx_adc.o
ADC_DMACmd                                        Libraries/STM32F4xx_StdPeriph_Driver/src/stm32f4xx_adc.o
ADC_DMARequestAfterLastTransferCmd                Libraries/STM32F4xx_StdPeriph_Driver/src/stm32f4xx_adc.o
ADC_DeInit                                        Libraries/STM32F4xx_StdPeriph_Driver/src/stm32f4xx_adc.o
ADC_DiscModeChannelCountConfig                    Libraries/STM32F4xx_StdPeriph_Driver/src/stm32f4xx_adc.o
ADC_DiscModeCmd                                   Libraries/STM32F4xx_StdPeriph_Driver/src/stm32f4xx_adc.o
ADC_EOCOnEachRegularChannelCmd                    Libraries/STM32F4xx_StdPeriph_Driver/src/stm32f4xx_adc.o
ADC_ExternalTrigInjectedConvConfig                Libraries/STM32F4xx_StdPeriph_Driver/src/stm32f4xx_adc.o
ADC_ExternalTrigInjectedConvEdgeConfig            Libraries/STM32F4xx_StdPeriph_Driver/src/stm32f4xx_adc.o
ADC_GetConversionValue                            Libraries/STM32F4xx_StdPeriph_Driver/src/stm32f4xx_adc.o
ADC_GetFlagStatus                                 Libraries/STM32F4xx_StdPeriph_Driver/src/stm32f4xx_adc.o
ADC_GetITStatus                                   Libraries/STM32F4xx_StdPeriph_Driver/src/stm32f4xx_adc.o
ADC_GetInjectedConversionValue                    Libraries/STM32F4xx_StdPeriph_Driver/src/stm32f4xx_adc.o
ADC_GetMultiModeConversionValue                   Libraries/STM32F4xx_StdPeriph_Driver/src/stm32f4xx_adc.o
ADC_GetSoftwareStartConvStatus                    Libraries/STM32F4xx_StdPeriph_Driver/src/stm32f4xx_adc.o
ADC_GetSoftwareStartInjectedConvCmdStatus         Libraries/STM32F4xx_StdPeriph_Driver/src/stm32f4xx_adc.o
ADC_IRQHandler                                    src/main.o
ADC_ITConfig                                      Libraries/STM32F4xx_StdPeriph_Driver/src/stm32f4xx_adc.o
ADC_Init                                          Libraries/STM32F4xx_StdPeriph_Driver/src/stm32f4xx_adc.o
ADC_InjectedChannelConfig                         Libraries/STM32F4xx_StdPeriph_Driver/src/stm32f4xx_adc.o
ADC_InjectedDiscModeCmd                           Libraries/STM32F4xx_StdPeriph_Driver/src/stm32f4xx_adc.o
ADC_InjectedSequencerLengthConfig                 Libraries/STM32F4xx_StdPeriph_Driver/src/stm32f4xx_adc.o
ADC_MultiModeDMARequestAfterLastTransferCmd       Libraries/STM32F4xx_StdPeriph_Driver/src/stm32f4xx_adc.o
ADC_RegularChannelConfig                          Libraries/STM32F4xx_StdPeriph_Driver/src/stm32f4xx_adc.o
ADC_SetInjectedOffset                             Libraries/STM32F4xx_StdPeriph_Driver/src/stm32f4xx_adc.o
ADC_SoftwareStartConv                             Libraries/STM32F4xx_StdPeriph_Driver/src/stm32f4xx_adc.o
ADC_SoftwareStartInjectedConv                     Libraries/STM32F4xx_StdPeriph_Driver/src/stm32f4xx_adc.o
ADC_StructInit                                    Libraries/STM32F4xx_StdPeriph_Driver/src/stm32f4xx_adc.o
ADC_TempSensorVrefintCmd                          Libraries/STM32F4xx_StdPeriph_Driver/src/stm32f4xx_adc.o
ADC_VBATCmd                                       Libraries/STM32F4xx_StdPeriph_Driver/src/stm32f4xx_adc.o
AHBPrescTable                                     src/system_stm32f4xx.o
BusFault_Handler                                  src/stm32f4xx_it.o
                                                  src/startup_stm32f40xx.o
CAN1_RX0_IRQHandler                               src/startup_stm32f40xx.o
CAN1_RX1_IRQHandler                               src/startup_stm32f40xx.o
CAN1_SCE_IRQHandler                               src/startup_stm32f40xx.o
CAN1_TX_IRQHandler                                src/startup_stm32f40xx.o
CAN2_RX0_IRQHandler                               src/startup_stm32f40xx.o
CAN2_RX1_IRQHandler                               src/startup_stm32f40xx.o
CAN2_SCE_IRQHandler                               src/startup_stm32f40xx.o
CAN2_TX_IRQHandler                                src/startup_stm32f40xx.o
CAN_CancelTransmit                                Libraries/STM32F4xx_StdPeriph_Driver/src/stm32f4xx_can.o
CAN_ClearFlag                                     Libraries/STM32F4xx_StdPeriph_Driver/src/stm32f4xx_can.o
CAN_ClearITPendingBit                             Libraries/STM32F4xx_StdPeriph_Driver/src/stm32f4xx_can.o
CAN_DBGFreeze                                     Libraries/STM32F4xx_StdPeriph_Driver/src/stm32f4xx_can.o
CAN_DeInit                                        Libraries/STM32F4xx_StdPeriph_Driver/src/stm32f4xx_can.o
CAN_FIFORelease                                   Libraries/STM32F4xx_StdPeriph_Driver/src/stm32f4xx_can.o
CAN_FilterInit                                    Libraries/STM32F4xx_StdPeriph_Driver/src/stm32f4xx_can.o
CAN_GetFlagStatus                                 Libraries/STM32F4xx_StdPeriph_Driver/src/stm32f4xx_can.o
CAN_GetITStatus                                   Libraries/STM32F4xx_StdPeriph_Driver/src/stm32f4xx_can.o
CAN_GetLSBTransmitErrorCounter                    Libraries/STM32F4xx_StdPeriph_Driver/src/stm32f4xx_can.o
CAN_GetLastErrorCode                              Libraries/STM32F4xx_StdPeriph_Driver/src/stm32f4xx_can.o
CAN_GetReceiveErrorCounter                        Libraries/STM32F4xx_StdPeriph_Driver/src/stm32f4xx_can.o
CAN_ITConfig                                      Libraries/STM32F4xx_StdPeriph_Driver/src/stm32f4xx_can.o
CAN_Init                                          Libraries/STM32F4xx_StdPeriph_Driver/src/stm32f4xx_can.o
CAN_MessagePending                                Libraries/STM32F4xx_StdPeriph_Driver/src/stm32f4xx_can.o
CAN_OperatingModeRequest                          Libraries/STM32F4xx_StdPeriph_Driver/src/stm32f4xx_can.o
CAN_Receive                                       Libraries/STM32F4xx_StdPeriph_Driver/src/stm32f4xx_can.o
CAN_SlaveStartBank                                Libraries/STM32F4xx_StdPeriph_Driver/src/stm32f4xx_can.o
CAN_Sleep                                         Libraries/STM32F4xx_StdPeriph_Driver/src/stm32f4xx_can.o
CAN_StructInit                                    Libraries/STM32F4xx_StdPeriph_Driver/src/stm32f4xx_can.o
CAN_TTComModeCmd                                  Libraries/STM32F4xx_StdPeriph_Driver/src/stm32f4xx_can.o
CAN_Transmit                                      Libraries/STM32F4xx_StdPeriph_Driver/src/stm32f4xx_can.o
CAN_TransmitStatus                                Libraries/STM32F4xx_StdPeriph_Driver/src/stm32f4xx_can.o
CAN_WakeUp                                        Libraries/STM32F4xx_StdPeriph_Driver/src/stm32f4xx_can.o
CRC_CalcBlockCRC                                  Libraries/STM32F4xx_StdPeriph_Driver/src/stm32f4xx_crc.o
CRC_CalcCRC                                       Libraries/STM32F4xx_StdPeriph_Driver/src/stm32f4xx_crc.o
CRC_GetCRC                                        Libraries/STM32F4xx_StdPeriph_Driver/src/stm32f4xx_crc.o
CRC_GetIDRegister                                 Libraries/STM32F4xx_StdPeriph_Driver/src/stm32f4xx_crc.o
CRC_ResetDR                                       Libraries/STM32F4xx_StdPeriph_Driver/src/stm32f4xx_crc.o
CRC_SetIDRegister                                 Libraries/STM32F4xx_StdPeriph_Driver/src/stm32f4xx_crc.o
CRYP_AES_CBC                                      Libraries/STM32F4xx_StdPeriph_Driver/src/stm32f4xx_cryp_aes.o
CRYP_AES_CCM                                      Libraries/STM32F4xx_StdPeriph_Driver/src/stm32f4xx_cryp_aes.o
CRYP_AES_CTR                                      Libraries/STM32F4xx_StdPeriph_Driver/src/stm32f4xx_cryp_aes.o
CRYP_AES_ECB                                      Libraries/STM32F4xx_StdPeriph_Driver/src/stm32f4xx_cryp_aes.o
CRYP_AES_GCM                                      Libraries/STM32F4xx_StdPeriph_Driver/src/stm32f4xx_cryp_aes.o
CRYP_Cmd                                          Libraries/STM32F4xx_StdPeriph_Driver/src/stm32f4xx_cryp.o
                                                  Libraries/STM32F4xx_StdPeriph_Driver/src/stm32f4xx_cryp_tdes.o
                                                  Libraries/STM32F4xx_StdPeriph_Driver/src/stm32f4xx_cryp_des.o
                                                  Libraries/STM32F4xx_StdPeriph_Driver/src/stm32f4xx_cryp_aes.o
CRYP_DES_CBC                                      Libraries/STM32F4xx_StdPeriph_Driver/src/stm32f4xx_cryp_des.o
CRYP_DES_ECB                                      Libraries/STM32F4xx_StdPeriph_Driver/src/stm32f4xx_cryp_des.o
CRYP_DMACmd                                       Libraries/STM32F4xx_StdPeriph_Driver/src/stm32f4xx_cryp.o
CRYP_DataIn                                       Libraries/STM32F4xx_StdPeriph_Driver/src/stm32f4xx_cryp.o
                                                  Libraries/STM32F4xx_StdPeriph_Driver/src/stm32f4xx_cryp_tdes.o
                                                  Libraries/STM32F4xx_StdPeriph_Driver/src/stm32f4xx_cryp_des.o
                                                  Libraries/STM32F4xx_StdPeriph_Driver/src/stm32f4xx_cryp_aes.o
CRYP_DataOut                                      Libraries/STM32F4xx_StdPeriph_Driver/src/stm32f4xx_cryp.o
                                                  Libraries/STM32F4xx_StdPeriph_Driver/src/stm32f4xx_cryp_tdes.o
                                                  Libraries/STM32F4xx_StdPeriph_Driver/src/stm32f4xx_cryp_des.o
                                                  Libraries/STM32F4xx_StdPeriph_Driver/src/stm32f4xx_cryp_aes.o
CRYP_DeInit                                       Libraries/STM32F4xx_StdPeriph_Driver/src/stm32f4xx_cryp.o
CRYP_FIFOFlush                                    Libraries/STM32F4xx_StdPeriph_Driver/src/stm32f4xx_cryp.o
                                                  Libraries/STM32F4xx_StdPeriph_Driver/src/stm32f4xx_cryp_tdes.o
                                                  Libraries/STM32F4xx_StdPeriph_Driver/src/stm32f4xx_cryp_des.o
                                                  Libraries/STM32F4xx_StdPeriph_Driver/src/stm32f4xx_cryp_aes.o
CRYP_GetCmdStatus                                 Libraries/STM32F4xx_StdPeriph_Driver/src/stm32f4xx_cryp.o
                                                  Libraries/STM32F4xx_StdPeriph_Driver/src/stm32f4xx_cryp_tdes.o
                                                  Libraries/STM32F4xx_StdPeriph_Driver/src/stm32f4xx_cryp_des.o
                                                  Libraries/STM32F4xx_StdPeriph_Driver/src/stm32f4xx_cryp_aes.o
CRYP_GetFlagStatus                                Libraries/STM32F4xx_StdPeriph_Driver/src/stm32f4xx_cryp.o
                                                  Libraries/STM32F4xx_StdPeriph_Driver/src/stm32f4xx_cryp_tdes.o
                                                  Libraries/STM32F4xx_StdPeriph_Driver/src/stm32f4xx_cryp_des.o
                                                  Libraries/STM32F4xx_StdPeriph_Driver/src/stm32f4xx_cryp_aes.o
CRYP_GetITStatus                                  Libraries/STM32F4xx_StdPeriph_Driver/src/stm32f4xx_cryp.o
CRYP_IRQHandler                                   src/startup_stm32f40xx.o
CRYP_ITConfig                                     Libraries/STM32F4xx_StdPeriph_Driver/src/stm32f4xx_cryp.o
CRYP_IVInit                                       Libraries/STM32F4xx_StdPeriph_Driver/src/stm32f4xx_cryp.o
                                                  Libraries/STM32F4xx_StdPeriph_Driver/src/stm32f4xx_cryp_tdes.o
                                                  Libraries/STM32F4xx_StdPeriph_Driver/src/stm32f4xx_cryp_des.o
                                                  Libraries/STM32F4xx_StdPeriph_Driver/src/stm32f4xx_cryp_aes.o
CRYP_IVStructInit                                 Libraries/STM32F4xx_StdPeriph_Driver/src/stm32f4xx_cryp.o
CRYP_Init                                         Libraries/STM32F4xx_StdPeriph_Driver/src/stm32f4xx_cryp.o
                                                  Libraries/STM32F4xx_StdPeriph_Driver/src/stm32f4xx_cryp_tdes.o
                                                  Libraries/STM32F4xx_StdPeriph_Driver/src/stm32f4xx_cryp_des.o
                                                  Libraries/STM32F4xx_StdPeriph_Driver/src/stm32f4xx_cryp_aes.o
CRYP_KeyInit                                      Libraries/STM32F4xx_StdPeriph_Driver/src/stm32f4xx_cryp.o
                                                  Libraries/STM32F4xx_StdPeriph_Driver/src/stm32f4xx_cryp_tdes.o
                                                  Libraries/STM32F4xx_StdPeriph_Driver/src/stm32f4xx_cryp_des.o
                                                  Libraries/STM32F4xx_StdPeriph_Driver/src/stm32f4xx_cryp_aes.o
CRYP_KeyStructInit                                Libraries/STM32F4xx_StdPeriph_Driver/src/stm32f4xx_cryp.o
                                                  Libraries/STM32F4xx_StdPeriph_Driver/src/stm32f4xx_cryp_tdes.o
                                                  Libraries/STM32F4xx_StdPeriph_Driver/src/stm32f4xx_cryp_des.o
                                                  Libraries/STM32F4xx_StdPeriph_Driver/src/stm32f4xx_cryp_aes.o
CRYP_PhaseConfig                                  Libraries/STM32F4xx_StdPeriph_Driver/src/stm32f4xx_cryp.o
                                                  Libraries/STM32F4xx_StdPeriph_Driver/src/stm32f4xx_cryp_aes.o
CRYP_RestoreContext                               Libraries/STM32F4xx_StdPeriph_Driver/src/stm32f4xx_cryp.o
CRYP_SaveContext                                  Libraries/STM32F4xx_StdPeriph_Driver/src/stm32f4xx_cryp.o
CRYP_StructInit                                   Libraries/STM32F4xx_StdPeriph_Driver/src/stm32f4xx_cryp.o
CRYP_TDES_CBC                                     Libraries/STM32F4xx_StdPeriph_Driver/src/stm32f4xx_cryp_tdes.o
CRYP_TDES_ECB                                     Libraries/STM32F4xx_StdPeriph_Driver/src/stm32f4xx_cryp_tdes.o
CR_GAR_W5500                                      src/W5500.o
CR_MR_W5500                                       src/W5500.o
CR_PHYCFGR_W5500                                  src/W5500.o
CR_SHAR_W5500                                     src/W5500.o
CR_SIMR_W5500                                     src/W5500.o
CR_SIPR_W5500                                     src/W5500.o
CR_SUBR_W5500                                     src/W5500.o
CheckInterruptStatus                              src/W5500.o
                                                  src/main.o
DAC_ClearFlag                                     Libraries/STM32F4xx_StdPeriph_Driver/src/stm32f4xx_dac.o
DAC_ClearITPendingBit                             Libraries/STM32F4xx_StdPeriph_Driver/src/stm32f4xx_dac.o
DAC_Cmd                                           Libraries/STM32F4xx_StdPeriph_Driver/src/stm32f4xx_dac.o
DAC_DMACmd                                        Libraries/STM32F4xx_StdPeriph_Driver/src/stm32f4xx_dac.o
DAC_DeInit                                        Libraries/STM32F4xx_StdPeriph_Driver/src/stm32f4xx_dac.o
DAC_DualSoftwareTriggerCmd                        Libraries/STM32F4xx_StdPeriph_Driver/src/stm32f4xx_dac.o
DAC_GetDataOutputValue                            Libraries/STM32F4xx_StdPeriph_Driver/src/stm32f4xx_dac.o
DAC_GetFlagStatus                                 Libraries/STM32F4xx_StdPeriph_Driver/src/stm32f4xx_dac.o
DAC_GetITStatus                                   Libraries/STM32F4xx_StdPeriph_Driver/src/stm32f4xx_dac.o
DAC_ITConfig                                      Libraries/STM32F4xx_StdPeriph_Driver/src/stm32f4xx_dac.o
DAC_Init                                          Libraries/STM32F4xx_StdPeriph_Driver/src/stm32f4xx_dac.o
DAC_SetChannel1Data                               Libraries/STM32F4xx_StdPeriph_Driver/src/stm32f4xx_dac.o
DAC_SetChannel2Data                               Libraries/STM32F4xx_StdPeriph_Driver/src/stm32f4xx_dac.o
DAC_SetDualChannelData                            Libraries/STM32F4xx_StdPeriph_Driver/src/stm32f4xx_dac.o
DAC_SoftwareTriggerCmd                            Libraries/STM32F4xx_StdPeriph_Driver/src/stm32f4xx_dac.o
DAC_StructInit                                    Libraries/STM32F4xx_StdPeriph_Driver/src/stm32f4xx_dac.o
DAC_WaveGenerationCmd                             Libraries/STM32F4xx_StdPeriph_Driver/src/stm32f4xx_dac.o
DBGMCU_APB1PeriphConfig                           Libraries/STM32F4xx_StdPeriph_Driver/src/stm32f4xx_dbgmcu.o
DBGMCU_APB2PeriphConfig                           Libraries/STM32F4xx_StdPeriph_Driver/src/stm32f4xx_dbgmcu.o
DBGMCU_Config                                     Libraries/STM32F4xx_StdPeriph_Driver/src/stm32f4xx_dbgmcu.o
DBGMCU_GetDEVID                                   Libraries/STM32F4xx_StdPeriph_Driver/src/stm32f4xx_dbgmcu.o
DBGMCU_GetREVID                                   Libraries/STM32F4xx_StdPeriph_Driver/src/stm32f4xx_dbgmcu.o
DCMI_CROPCmd                                      Libraries/STM32F4xx_StdPeriph_Driver/src/stm32f4xx_dcmi.o
DCMI_CROPConfig                                   Libraries/STM32F4xx_StdPeriph_Driver/src/stm32f4xx_dcmi.o
DCMI_CaptureCmd                                   Libraries/STM32F4xx_StdPeriph_Driver/src/stm32f4xx_dcmi.o
DCMI_ClearFlag                                    Libraries/STM32F4xx_StdPeriph_Driver/src/stm32f4xx_dcmi.o
DCMI_ClearITPendingBit                            Libraries/STM32F4xx_StdPeriph_Driver/src/stm32f4xx_dcmi.o
DCMI_Cmd                                          Libraries/STM32F4xx_StdPeriph_Driver/src/stm32f4xx_dcmi.o
DCMI_DeInit                                       Libraries/STM32F4xx_StdPeriph_Driver/src/stm32f4xx_dcmi.o
DCMI_GetFlagStatus                                Libraries/STM32F4xx_StdPeriph_Driver/src/stm32f4xx_dcmi.o
DCMI_GetITStatus                                  Libraries/STM32F4xx_StdPeriph_Driver/src/stm32f4xx_dcmi.o
DCMI_IRQHandler                                   src/startup_stm32f40xx.o
DCMI_ITConfig                                     Libraries/STM32F4xx_StdPeriph_Driver/src/stm32f4xx_dcmi.o
DCMI_Init                                         Libraries/STM32F4xx_StdPeriph_Driver/src/stm32f4xx_dcmi.o
DCMI_JPEGCmd                                      Libraries/STM32F4xx_StdPeriph_Driver/src/stm32f4xx_dcmi.o
DCMI_ReadData                                     Libraries/STM32F4xx_StdPeriph_Driver/src/stm32f4xx_dcmi.o
DCMI_SetEmbeddedSynchroCodes                      Libraries/STM32F4xx_StdPeriph_Driver/src/stm32f4xx_dcmi.o
DCMI_StructInit                                   Libraries/STM32F4xx_StdPeriph_Driver/src/stm32f4xx_dcmi.o
DMA1_Stream0_IRQHandler                           src/startup_stm32f40xx.o
DMA1_Stream1_IRQHandler                           src/startup_stm32f40xx.o
DMA1_Stream2_IRQHandler                           src/startup_stm32f40xx.o
DMA1_Stream3_IRQHandler                           src/startup_stm32f40xx.o
DMA1_Stream4_IRQHandler                           src/startup_stm32f40xx.o
DMA1_Stream5_IRQHandler                           src/startup_stm32f40xx.o
DMA1_Stream6_IRQHandler                           src/startup_stm32f40xx.o
DMA1_Stream7_IRQHandler                           src/startup_stm32f40xx.o
DMA2ADC1CollectNewData                            src/DMA.o
DMA2ADC1Init                                      src/DMA.o
DMA2Stream0InterruptEnable                        src/DMA.o
DMA2_Stream0_IRQHandler                           src/main.o
DMA2_Stream1_IRQHandler                           src/startup_stm32f40xx.o
DMA2_Stream2_IRQHandler                           src/startup_stm32f40xx.o
DMA2_Stream3_IRQHandler                           src/startup_stm32f40xx.o
DMA2_Stream4_IRQHandler                           src/startup_stm32f40xx.o
DMA2_Stream5_IRQHandler                           src/startup_stm32f40xx.o
DMA2_Stream6_IRQHandler                           src/startup_stm32f40xx.o
DMA2_Stream7_IRQHandler                           src/startup_stm32f40xx.o
DMA_ClearFlag                                     Libraries/STM32F4xx_StdPeriph_Driver/src/stm32f4xx_dma.o
DMA_ClearITPendingBit                             Libraries/STM32F4xx_StdPeriph_Driver/src/stm32f4xx_dma.o
DMA_Cmd                                           Libraries/STM32F4xx_StdPeriph_Driver/src/stm32f4xx_dma.o
DMA_DeInit                                        Libraries/STM32F4xx_StdPeriph_Driver/src/stm32f4xx_dma.o
DMA_DoubleBufferModeCmd                           Libraries/STM32F4xx_StdPeriph_Driver/src/stm32f4xx_dma.o
DMA_DoubleBufferModeConfig                        Libraries/STM32F4xx_StdPeriph_Driver/src/stm32f4xx_dma.o
DMA_FlowControllerConfig                          Libraries/STM32F4xx_StdPeriph_Driver/src/stm32f4xx_dma.o
DMA_GetCmdStatus                                  Libraries/STM32F4xx_StdPeriph_Driver/src/stm32f4xx_dma.o
DMA_GetCurrDataCounter                            Libraries/STM32F4xx_StdPeriph_Driver/src/stm32f4xx_dma.o
DMA_GetCurrentMemoryTarget                        Libraries/STM32F4xx_StdPeriph_Driver/src/stm32f4xx_dma.o
DMA_GetFIFOStatus                                 Libraries/STM32F4xx_StdPeriph_Driver/src/stm32f4xx_dma.o
DMA_GetFlagStatus                                 Libraries/STM32F4xx_StdPeriph_Driver/src/stm32f4xx_dma.o
DMA_GetITStatus                                   Libraries/STM32F4xx_StdPeriph_Driver/src/stm32f4xx_dma.o
DMA_ITConfig                                      Libraries/STM32F4xx_StdPeriph_Driver/src/stm32f4xx_dma.o
DMA_Init                                          Libraries/STM32F4xx_StdPeriph_Driver/src/stm32f4xx_dma.o
DMA_MemoryTargetConfig                            Libraries/STM32F4xx_StdPeriph_Driver/src/stm32f4xx_dma.o
DMA_PeriphIncOffsetSizeConfig                     Libraries/STM32F4xx_StdPeriph_Driver/src/stm32f4xx_dma.o
DMA_SetCurrDataCounter                            Libraries/STM32F4xx_StdPeriph_Driver/src/stm32f4xx_dma.o
DMA_StructInit                                    Libraries/STM32F4xx_StdPeriph_Driver/src/stm32f4xx_dma.o
DebugMon_Handler                                  src/stm32f4xx_it.o
                                                  src/startup_stm32f40xx.o
Default_Handler                                   src/startup_stm32f40xx.o
DelayMs                                           src/stm32f4xx_it.o
DelayUs                                           src/stm32f4xx_it.o
ETH_IRQHandler                                    src/startup_stm32f40xx.o
ETH_WKUP_IRQHandler                               src/startup_stm32f40xx.o
EXTI0_IRQHandler                                  src/main.o
EXTI15_10_IRQHandler                              src/startup_stm32f40xx.o
EXTI1_IRQHandler                                  src/startup_stm32f40xx.o
EXTI2_IRQHandler                                  src/startup_stm32f40xx.o
EXTI3_IRQHandler                                  src/main.o
EXTI4_IRQHandler                                  src/startup_stm32f40xx.o
EXTI9_5_IRQHandler                                src/startup_stm32f40xx.o
EXTI_ClearFlag                                    Libraries/STM32F4xx_StdPeriph_Driver/src/stm32f4xx_exti.o
EXTI_ClearITPendingBit                            Libraries/STM32F4xx_StdPeriph_Driver/src/stm32f4xx_exti.o
EXTI_DeInit                                       Libraries/STM32F4xx_StdPeriph_Driver/src/stm32f4xx_exti.o
EXTI_GenerateSWInterrupt                          Libraries/STM32F4xx_StdPeriph_Driver/src/stm32f4xx_exti.o
EXTI_GetFlagStatus                                Libraries/STM32F4xx_StdPeriph_Driver/src/stm32f4xx_exti.o
EXTI_GetITStatus                                  Libraries/STM32F4xx_StdPeriph_Driver/src/stm32f4xx_exti.o
EXTI_Init                                         Libraries/STM32F4xx_StdPeriph_Driver/src/stm32f4xx_exti.o
EXTI_StructInit                                   Libraries/STM32F4xx_StdPeriph_Driver/src/stm32f4xx_exti.o
FLASH_ClearFlag                                   Libraries/STM32F4xx_StdPeriph_Driver/src/stm32f4xx_flash.o
FLASH_DataCacheCmd                                Libraries/STM32F4xx_StdPeriph_Driver/src/stm32f4xx_flash.o
FLASH_DataCacheReset                              Libraries/STM32F4xx_StdPeriph_Driver/src/stm32f4xx_flash.o
FLASH_EraseAllSectors                             Libraries/STM32F4xx_StdPeriph_Driver/src/stm32f4xx_flash.o
FLASH_EraseSector                                 Libraries/STM32F4xx_StdPeriph_Driver/src/stm32f4xx_flash.o
FLASH_GetFlagStatus                               Libraries/STM32F4xx_StdPeriph_Driver/src/stm32f4xx_flash.o
FLASH_GetStatus                                   Libraries/STM32F4xx_StdPeriph_Driver/src/stm32f4xx_flash.o
FLASH_IRQHandler                                  src/startup_stm32f40xx.o
FLASH_ITConfig                                    Libraries/STM32F4xx_StdPeriph_Driver/src/stm32f4xx_flash.o
FLASH_InstructionCacheCmd                         Libraries/STM32F4xx_StdPeriph_Driver/src/stm32f4xx_flash.o
FLASH_InstructionCacheReset                       Libraries/STM32F4xx_StdPeriph_Driver/src/stm32f4xx_flash.o
FLASH_Lock                                        Libraries/STM32F4xx_StdPeriph_Driver/src/stm32f4xx_flash.o
FLASH_OB_BORConfig                                Libraries/STM32F4xx_StdPeriph_Driver/src/stm32f4xx_flash.o
FLASH_OB_GetBOR                                   Libraries/STM32F4xx_StdPeriph_Driver/src/stm32f4xx_flash.o
FLASH_OB_GetRDP                                   Libraries/STM32F4xx_StdPeriph_Driver/src/stm32f4xx_flash.o
FLASH_OB_GetUser                                  Libraries/STM32F4xx_StdPeriph_Driver/src/stm32f4xx_flash.o
FLASH_OB_GetWRP                                   Libraries/STM32F4xx_StdPeriph_Driver/src/stm32f4xx_flash.o
FLASH_OB_GetWRP1                                  Libraries/STM32F4xx_StdPeriph_Driver/src/stm32f4xx_flash.o
FLASH_OB_Launch                                   Libraries/STM32F4xx_StdPeriph_Driver/src/stm32f4xx_flash.o
FLASH_OB_Lock                                     Libraries/STM32F4xx_StdPeriph_Driver/src/stm32f4xx_flash.o
FLASH_OB_RDPConfig                                Libraries/STM32F4xx_StdPeriph_Driver/src/stm32f4xx_flash.o
FLASH_OB_Unlock                                   Libraries/STM32F4xx_StdPeriph_Driver/src/stm32f4xx_flash.o
FLASH_OB_UserConfig                               Libraries/STM32F4xx_StdPeriph_Driver/src/stm32f4xx_flash.o
FLASH_OB_WRP1Config                               Libraries/STM32F4xx_StdPeriph_Driver/src/stm32f4xx_flash.o
FLASH_OB_WRPConfig                                Libraries/STM32F4xx_StdPeriph_Driver/src/stm32f4xx_flash.o
FLASH_PrefetchBufferCmd                           Libraries/STM32F4xx_StdPeriph_Driver/src/stm32f4xx_flash.o
FLASH_ProgramByte                                 Libraries/STM32F4xx_StdPeriph_Driver/src/stm32f4xx_flash.o
FLASH_ProgramDoubleWord                           Libraries/STM32F4xx_StdPeriph_Driver/src/stm32f4xx_flash.o
FLASH_ProgramHalfWord                             Libraries/STM32F4xx_StdPeriph_Driver/src/stm32f4xx_flash.o
FLASH_ProgramWord                                 Libraries/STM32F4xx_StdPeriph_Driver/src/stm32f4xx_flash.o
FLASH_SetLatency                                  Libraries/STM32F4xx_StdPeriph_Driver/src/stm32f4xx_flash.o
FLASH_Unlock                                      Libraries/STM32F4xx_StdPeriph_Driver/src/stm32f4xx_flash.o
FLASH_WaitForLastOperation                        Libraries/STM32F4xx_StdPeriph_Driver/src/stm32f4xx_flash.o
FPU_IRQHandler                                    src/startup_stm32f40xx.o
FSMC_ClearFlag                                    Libraries/STM32F4xx_StdPeriph_Driver/src/stm32f4xx_fsmc.o
FSMC_ClearITPendingBit                            Libraries/STM32F4xx_StdPeriph_Driver/src/stm32f4xx_fsmc.o
FSMC_GetECC                                       Libraries/STM32F4xx_StdPeriph_Driver/src/stm32f4xx_fsmc.o
FSMC_GetFlagStatus                                Libraries/STM32F4xx_StdPeriph_Driver/src/stm32f4xx_fsmc.o
FSMC_GetITStatus                                  Libraries/STM32F4xx_StdPeriph_Driver/src/stm32f4xx_fsmc.o
FSMC_IRQHandler                                   src/startup_stm32f40xx.o
FSMC_ITConfig                                     Libraries/STM32F4xx_StdPeriph_Driver/src/stm32f4xx_fsmc.o
FSMC_NANDCmd                                      Libraries/STM32F4xx_StdPeriph_Driver/src/stm32f4xx_fsmc.o
FSMC_NANDDeInit                                   Libraries/STM32F4xx_StdPeriph_Driver/src/stm32f4xx_fsmc.o
FSMC_NANDECCCmd                                   Libraries/STM32F4xx_StdPeriph_Driver/src/stm32f4xx_fsmc.o
FSMC_NANDInit                                     Libraries/STM32F4xx_StdPeriph_Driver/src/stm32f4xx_fsmc.o
FSMC_NANDStructInit                               Libraries/STM32F4xx_StdPeriph_Driver/src/stm32f4xx_fsmc.o
FSMC_NORSRAMCmd                                   Libraries/STM32F4xx_StdPeriph_Driver/src/stm32f4xx_fsmc.o
FSMC_NORSRAMDeInit                                Libraries/STM32F4xx_StdPeriph_Driver/src/stm32f4xx_fsmc.o
FSMC_NORSRAMInit                                  Libraries/STM32F4xx_StdPeriph_Driver/src/stm32f4xx_fsmc.o
FSMC_NORSRAMStructInit                            Libraries/STM32F4xx_StdPeriph_Driver/src/stm32f4xx_fsmc.o
FSMC_PCCARDCmd                                    Libraries/STM32F4xx_StdPeriph_Driver/src/stm32f4xx_fsmc.o
FSMC_PCCARDDeInit                                 Libraries/STM32F4xx_StdPeriph_Driver/src/stm32f4xx_fsmc.o
FSMC_PCCARDInit                                   Libraries/STM32F4xx_StdPeriph_Driver/src/stm32f4xx_fsmc.o
FSMC_PCCARDStructInit                             Libraries/STM32F4xx_StdPeriph_Driver/src/stm32f4xx_fsmc.o
GPIO_DeInit                                       Libraries/STM32F4xx_StdPeriph_Driver/src/stm32f4xx_gpio.o
GPIO_Init                                         Libraries/STM32F4xx_StdPeriph_Driver/src/stm32f4xx_gpio.o
GPIO_PinAFConfig                                  Libraries/STM32F4xx_StdPeriph_Driver/src/stm32f4xx_gpio.o
GPIO_PinLockConfig                                Libraries/STM32F4xx_StdPeriph_Driver/src/stm32f4xx_gpio.o
GPIO_ReadInputData                                Libraries/STM32F4xx_StdPeriph_Driver/src/stm32f4xx_gpio.o
GPIO_ReadInputDataBit                             Libraries/STM32F4xx_StdPeriph_Driver/src/stm32f4xx_gpio.o
GPIO_ReadOutputData                               Libraries/STM32F4xx_StdPeriph_Driver/src/stm32f4xx_gpio.o
GPIO_ReadOutputDataBit                            Libraries/STM32F4xx_StdPeriph_Driver/src/stm32f4xx_gpio.o
GPIO_ResetBits                                    Libraries/STM32F4xx_StdPeriph_Driver/src/stm32f4xx_gpio.o
GPIO_SetBits                                      Libraries/STM32F4xx_StdPeriph_Driver/src/stm32f4xx_gpio.o
GPIO_StructInit                                   Libraries/STM32F4xx_StdPeriph_Driver/src/stm32f4xx_gpio.o
GPIO_ToggleBits                                   Libraries/STM32F4xx_StdPeriph_Driver/src/stm32f4xx_gpio.o
GPIO_Write                                        Libraries/STM32F4xx_StdPeriph_Driver/src/stm32f4xx_gpio.o
GPIO_WriteBit                                     Libraries/STM32F4xx_StdPeriph_Driver/src/stm32f4xx_gpio.o
HASH_AutoStartDigest                              Libraries/STM32F4xx_StdPeriph_Driver/src/stm32f4xx_hash.o
HASH_ClearFlag                                    Libraries/STM32F4xx_StdPeriph_Driver/src/stm32f4xx_hash.o
HASH_ClearITPendingBit                            Libraries/STM32F4xx_StdPeriph_Driver/src/stm32f4xx_hash.o
HASH_DMACmd                                       Libraries/STM32F4xx_StdPeriph_Driver/src/stm32f4xx_hash.o
HASH_DataIn                                       Libraries/STM32F4xx_StdPeriph_Driver/src/stm32f4xx_hash.o
                                                  Libraries/STM32F4xx_StdPeriph_Driver/src/stm32f4xx_hash_sha1.o
                                                  Libraries/STM32F4xx_StdPeriph_Driver/src/stm32f4xx_hash_md5.o
HASH_DeInit                                       Libraries/STM32F4xx_StdPeriph_Driver/src/stm32f4xx_hash.o
                                                  Libraries/STM32F4xx_StdPeriph_Driver/src/stm32f4xx_hash_sha1.o
                                                  Libraries/STM32F4xx_StdPeriph_Driver/src/stm32f4xx_hash_md5.o
HASH_GetDigest                                    Libraries/STM32F4xx_StdPeriph_Driver/src/stm32f4xx_hash.o
                                                  Libraries/STM32F4xx_StdPeriph_Driver/src/stm32f4xx_hash_sha1.o
                                                  Libraries/STM32F4xx_StdPeriph_Driver/src/stm32f4xx_hash_md5.o
HASH_GetFlagStatus                                Libraries/STM32F4xx_StdPeriph_Driver/src/stm32f4xx_hash.o
                                                  Libraries/STM32F4xx_StdPeriph_Driver/src/stm32f4xx_hash_sha1.o
                                                  Libraries/STM32F4xx_StdPeriph_Driver/src/stm32f4xx_hash_md5.o
HASH_GetITStatus                                  Libraries/STM32F4xx_StdPeriph_Driver/src/stm32f4xx_hash.o
HASH_GetInFIFOWordsNbr                            Libraries/STM32F4xx_StdPeriph_Driver/src/stm32f4xx_hash.o
HASH_ITConfig                                     Libraries/STM32F4xx_StdPeriph_Driver/src/stm32f4xx_hash.o
HASH_Init                                         Libraries/STM32F4xx_StdPeriph_Driver/src/stm32f4xx_hash.o
                                                  Libraries/STM32F4xx_StdPeriph_Driver/src/stm32f4xx_hash_sha1.o
                                                  Libraries/STM32F4xx_StdPeriph_Driver/src/stm32f4xx_hash_md5.o
HASH_MD5                                          Libraries/STM32F4xx_StdPeriph_Driver/src/stm32f4xx_hash_md5.o
HASH_RNG_IRQHandler                               src/startup_stm32f40xx.o
HASH_Reset                                        Libraries/STM32F4xx_StdPeriph_Driver/src/stm32f4xx_hash.o
HASH_RestoreContext                               Libraries/STM32F4xx_StdPeriph_Driver/src/stm32f4xx_hash.o
HASH_SHA1                                         Libraries/STM32F4xx_StdPeriph_Driver/src/stm32f4xx_hash_sha1.o
HASH_SaveContext                                  Libraries/STM32F4xx_StdPeriph_Driver/src/stm32f4xx_hash.o
HASH_SetLastWordValidBitsNbr                      Libraries/STM32F4xx_StdPeriph_Driver/src/stm32f4xx_hash.o
                                                  Libraries/STM32F4xx_StdPeriph_Driver/src/stm32f4xx_hash_sha1.o
                                                  Libraries/STM32F4xx_StdPeriph_Driver/src/stm32f4xx_hash_md5.o
HASH_StartDigest                                  Libraries/STM32F4xx_StdPeriph_Driver/src/stm32f4xx_hash.o
                                                  Libraries/STM32F4xx_StdPeriph_Driver/src/stm32f4xx_hash_sha1.o
                                                  Libraries/STM32F4xx_StdPeriph_Driver/src/stm32f4xx_hash_md5.o
HASH_StructInit                                   Libraries/STM32F4xx_StdPeriph_Driver/src/stm32f4xx_hash.o
HMAC_MD5                                          Libraries/STM32F4xx_StdPeriph_Driver/src/stm32f4xx_hash_md5.o
HMAC_SHA1                                         Libraries/STM32F4xx_StdPeriph_Driver/src/stm32f4xx_hash_sha1.o
HardFault_Handler                                 src/stm32f4xx_it.o
                                                  src/startup_stm32f40xx.o
I2C1_ER_IRQHandler                                src/startup_stm32f40xx.o
I2C1_EV_IRQHandler                                src/startup_stm32f40xx.o
I2C2_ER_IRQHandler                                src/startup_stm32f40xx.o
I2C2_EV_IRQHandler                                src/startup_stm32f40xx.o
I2C3_ER_IRQHandler                                src/startup_stm32f40xx.o
I2C3_EV_IRQHandler                                src/startup_stm32f40xx.o
I2C_ARPCmd                                        Libraries/STM32F4xx_StdPeriph_Driver/src/stm32f4xx_i2c.o
I2C_AcknowledgeConfig                             Libraries/STM32F4xx_StdPeriph_Driver/src/stm32f4xx_i2c.o
I2C_AnalogFilterCmd                               Libraries/STM32F4xx_StdPeriph_Driver/src/stm32f4xx_i2c.o
I2C_CalculatePEC                                  Libraries/STM32F4xx_StdPeriph_Driver/src/stm32f4xx_i2c.o
I2C_CheckEvent                                    Libraries/STM32F4xx_StdPeriph_Driver/src/stm32f4xx_i2c.o
I2C_ClearFlag                                     Libraries/STM32F4xx_StdPeriph_Driver/src/stm32f4xx_i2c.o
I2C_ClearITPendingBit                             Libraries/STM32F4xx_StdPeriph_Driver/src/stm32f4xx_i2c.o
I2C_Cmd                                           Libraries/STM32F4xx_StdPeriph_Driver/src/stm32f4xx_i2c.o
I2C_DMACmd                                        Libraries/STM32F4xx_StdPeriph_Driver/src/stm32f4xx_i2c.o
I2C_DMALastTransferCmd                            Libraries/STM32F4xx_StdPeriph_Driver/src/stm32f4xx_i2c.o
I2C_DeInit                                        Libraries/STM32F4xx_StdPeriph_Driver/src/stm32f4xx_i2c.o
I2C_DigitalFilterConfig                           Libraries/STM32F4xx_StdPeriph_Driver/src/stm32f4xx_i2c.o
I2C_DualAddressCmd                                Libraries/STM32F4xx_StdPeriph_Driver/src/stm32f4xx_i2c.o
I2C_FastModeDutyCycleConfig                       Libraries/STM32F4xx_StdPeriph_Driver/src/stm32f4xx_i2c.o
I2C_GeneralCallCmd                                Libraries/STM32F4xx_StdPeriph_Driver/src/stm32f4xx_i2c.o
I2C_GenerateSTART                                 Libraries/STM32F4xx_StdPeriph_Driver/src/stm32f4xx_i2c.o
I2C_GenerateSTOP                                  Libraries/STM32F4xx_StdPeriph_Driver/src/stm32f4xx_i2c.o
I2C_GetFlagStatus                                 Libraries/STM32F4xx_StdPeriph_Driver/src/stm32f4xx_i2c.o
I2C_GetITStatus                                   Libraries/STM32F4xx_StdPeriph_Driver/src/stm32f4xx_i2c.o
I2C_GetLastEvent                                  Libraries/STM32F4xx_StdPeriph_Driver/src/stm32f4xx_i2c.o
I2C_GetPEC                                        Libraries/STM32F4xx_StdPeriph_Driver/src/stm32f4xx_i2c.o
I2C_ITConfig                                      Libraries/STM32F4xx_StdPeriph_Driver/src/stm32f4xx_i2c.o
I2C_Init                                          Libraries/STM32F4xx_StdPeriph_Driver/src/stm32f4xx_i2c.o
I2C_NACKPositionConfig                            Libraries/STM32F4xx_StdPeriph_Driver/src/stm32f4xx_i2c.o
I2C_OwnAddress2Config                             Libraries/STM32F4xx_StdPeriph_Driver/src/stm32f4xx_i2c.o
I2C_PECPositionConfig                             Libraries/STM32F4xx_StdPeriph_Driver/src/stm32f4xx_i2c.o
I2C_ReadRegister                                  Libraries/STM32F4xx_StdPeriph_Driver/src/stm32f4xx_i2c.o
I2C_ReceiveData                                   Libraries/STM32F4xx_StdPeriph_Driver/src/stm32f4xx_i2c.o
I2C_SMBusAlertConfig                              Libraries/STM32F4xx_StdPeriph_Driver/src/stm32f4xx_i2c.o
I2C_Send7bitAddress                               Libraries/STM32F4xx_StdPeriph_Driver/src/stm32f4xx_i2c.o
I2C_SendData                                      Libraries/STM32F4xx_StdPeriph_Driver/src/stm32f4xx_i2c.o
I2C_SoftwareResetCmd                              Libraries/STM32F4xx_StdPeriph_Driver/src/stm32f4xx_i2c.o
I2C_StretchClockCmd                               Libraries/STM32F4xx_StdPeriph_Driver/src/stm32f4xx_i2c.o
I2C_StructInit                                    Libraries/STM32F4xx_StdPeriph_Driver/src/stm32f4xx_i2c.o
I2C_TransmitPEC                                   Libraries/STM32F4xx_StdPeriph_Driver/src/stm32f4xx_i2c.o
I2S_Cmd                                           Libraries/STM32F4xx_StdPeriph_Driver/src/stm32f4xx_spi.o
I2S_FullDuplexConfig                              Libraries/STM32F4xx_StdPeriph_Driver/src/stm32f4xx_spi.o
I2S_Init                                          Libraries/STM32F4xx_StdPeriph_Driver/src/stm32f4xx_spi.o
I2S_StructInit                                    Libraries/STM32F4xx_StdPeriph_Driver/src/stm32f4xx_spi.o
IWDG_Enable                                       Libraries/STM32F4xx_StdPeriph_Driver/src/stm32f4xx_iwdg.o
IWDG_GetFlagStatus                                Libraries/STM32F4xx_StdPeriph_Driver/src/stm32f4xx_iwdg.o
IWDG_ReloadCounter                                Libraries/STM32F4xx_StdPeriph_Driver/src/stm32f4xx_iwdg.o
IWDG_SetPrescaler                                 Libraries/STM32F4xx_StdPeriph_Driver/src/stm32f4xx_iwdg.o
IWDG_SetReload                                    Libraries/STM32F4xx_StdPeriph_Driver/src/stm32f4xx_iwdg.o
IWDG_WriteAccessCmd                               Libraries/STM32F4xx_StdPeriph_Driver/src/stm32f4xx_iwdg.o
InitGPIO                                          src/GPIO_Func.o
                                                  src/main.o
MemManage_Handler                                 src/stm32f4xx_it.o
                                                  src/startup_stm32f40xx.o
NMI_Handler                                       src/stm32f4xx_it.o
                                                  src/startup_stm32f40xx.o
NVIC_Init                                         Libraries/STM32F4xx_StdPeriph_Driver/src/misc.o
NVIC_PriorityGroupConfig                          Libraries/STM32F4xx_StdPeriph_Driver/src/misc.o
NVIC_SetVectorTable                               Libraries/STM32F4xx_StdPeriph_Driver/src/misc.o
NVIC_SystemLPConfig                               Libraries/STM32F4xx_StdPeriph_Driver/src/misc.o
OTG_FS_IRQHandler                                 src/startup_stm32f40xx.o
OTG_FS_WKUP_IRQHandler                            src/startup_stm32f40xx.o
OTG_HS_EP1_IN_IRQHandler                          src/startup_stm32f40xx.o
OTG_HS_EP1_OUT_IRQHandler                         src/startup_stm32f40xx.o
OTG_HS_IRQHandler                                 src/startup_stm32f40xx.o
OTG_HS_WKUP_IRQHandler                            src/startup_stm32f40xx.o
PVD_IRQHandler                                    src/startup_stm32f40xx.o
PWR_BackupAccessCmd                               Libraries/STM32F4xx_StdPeriph_Driver/src/stm32f4xx_pwr.o
PWR_BackupRegulatorCmd                            Libraries/STM32F4xx_StdPeriph_Driver/src/stm32f4xx_pwr.o
PWR_ClearFlag                                     Libraries/STM32F4xx_StdPeriph_Driver/src/stm32f4xx_pwr.o
PWR_DeInit                                        Libraries/STM32F4xx_StdPeriph_Driver/src/stm32f4xx_pwr.o
PWR_EnterSTANDBYMode                              Libraries/STM32F4xx_StdPeriph_Driver/src/stm32f4xx_pwr.o
PWR_EnterSTOPMode                                 Libraries/STM32F4xx_StdPeriph_Driver/src/stm32f4xx_pwr.o
PWR_FlashPowerDownCmd                             Libraries/STM32F4xx_StdPeriph_Driver/src/stm32f4xx_pwr.o
PWR_GetFlagStatus                                 Libraries/STM32F4xx_StdPeriph_Driver/src/stm32f4xx_pwr.o
PWR_MainRegulatorModeConfig                       Libraries/STM32F4xx_StdPeriph_Driver/src/stm32f4xx_pwr.o
PWR_PVDCmd                                        Libraries/STM32F4xx_StdPeriph_Driver/src/stm32f4xx_pwr.o
PWR_PVDLevelConfig                                Libraries/STM32F4xx_StdPeriph_Driver/src/stm32f4xx_pwr.o
PWR_WakeUpPinCmd                                  Libraries/STM32F4xx_StdPeriph_Driver/src/stm32f4xx_pwr.o
PendSV_Handler                                    src/stm32f4xx_it.o
                                                  src/startup_stm32f40xx.o
RCC_AHB1PeriphClockCmd                            Libraries/STM32F4xx_StdPeriph_Driver/src/stm32f4xx_rcc.o
RCC_AHB1PeriphClockLPModeCmd                      Libraries/STM32F4xx_StdPeriph_Driver/src/stm32f4xx_rcc.o
RCC_AHB1PeriphResetCmd                            Libraries/STM32F4xx_StdPeriph_Driver/src/stm32f4xx_rcc.o
                                                  Libraries/STM32F4xx_StdPeriph_Driver/src/stm32f4xx_gpio.o
RCC_AHB2PeriphClockCmd                            Libraries/STM32F4xx_StdPeriph_Driver/src/stm32f4xx_rcc.o
RCC_AHB2PeriphClockLPModeCmd                      Libraries/STM32F4xx_StdPeriph_Driver/src/stm32f4xx_rcc.o
RCC_AHB2PeriphResetCmd                            Libraries/STM32F4xx_StdPeriph_Driver/src/stm32f4xx_rcc.o
                                                  Libraries/STM32F4xx_StdPeriph_Driver/src/stm32f4xx_rng.o
                                                  Libraries/STM32F4xx_StdPeriph_Driver/src/stm32f4xx_hash.o
                                                  Libraries/STM32F4xx_StdPeriph_Driver/src/stm32f4xx_cryp.o
RCC_AHB3PeriphClockCmd                            Libraries/STM32F4xx_StdPeriph_Driver/src/stm32f4xx_rcc.o
RCC_AHB3PeriphClockLPModeCmd                      Libraries/STM32F4xx_StdPeriph_Driver/src/stm32f4xx_rcc.o
RCC_AHB3PeriphResetCmd                            Libraries/STM32F4xx_StdPeriph_Driver/src/stm32f4xx_rcc.o
RCC_APB1PeriphClockCmd                            Libraries/STM32F4xx_StdPeriph_Driver/src/stm32f4xx_rcc.o
RCC_APB1PeriphClockLPModeCmd                      Libraries/STM32F4xx_StdPeriph_Driver/src/stm32f4xx_rcc.o
RCC_APB1PeriphResetCmd                            Libraries/STM32F4xx_StdPeriph_Driver/src/stm32f4xx_rcc.o
                                                  Libraries/STM32F4xx_StdPeriph_Driver/src/stm32f4xx_wwdg.o
                                                  Libraries/STM32F4xx_StdPeriph_Driver/src/stm32f4xx_usart.o
                                                  Libraries/STM32F4xx_StdPeriph_Driver/src/stm32f4xx_tim.o
                                                  Libraries/STM32F4xx_StdPeriph_Driver/src/stm32f4xx_spi.o
                                                  Libraries/STM32F4xx_StdPeriph_Driver/src/stm32f4xx_pwr.o
                                                  Libraries/STM32F4xx_StdPeriph_Driver/src/stm32f4xx_i2c.o
                                                  Libraries/STM32F4xx_StdPeriph_Driver/src/stm32f4xx_dac.o
                                                  Libraries/STM32F4xx_StdPeriph_Driver/src/stm32f4xx_can.o
RCC_APB2PeriphClockCmd                            Libraries/STM32F4xx_StdPeriph_Driver/src/stm32f4xx_rcc.o
RCC_APB2PeriphClockLPModeCmd                      Libraries/STM32F4xx_StdPeriph_Driver/src/stm32f4xx_rcc.o
RCC_APB2PeriphResetCmd                            Libraries/STM32F4xx_StdPeriph_Driver/src/stm32f4xx_rcc.o
                                                  Libraries/STM32F4xx_StdPeriph_Driver/src/stm32f4xx_usart.o
                                                  Libraries/STM32F4xx_StdPeriph_Driver/src/stm32f4xx_tim.o
                                                  Libraries/STM32F4xx_StdPeriph_Driver/src/stm32f4xx_syscfg.o
                                                  Libraries/STM32F4xx_StdPeriph_Driver/src/stm32f4xx_spi.o
                                                  Libraries/STM32F4xx_StdPeriph_Driver/src/stm32f4xx_sdio.o
                                                  Libraries/STM32F4xx_StdPeriph_Driver/src/stm32f4xx_adc.o
RCC_AdjustHSICalibrationValue                     Libraries/STM32F4xx_StdPeriph_Driver/src/stm32f4xx_rcc.o
RCC_BackupResetCmd                                Libraries/STM32F4xx_StdPeriph_Driver/src/stm32f4xx_rcc.o
RCC_ClearFlag                                     Libraries/STM32F4xx_StdPeriph_Driver/src/stm32f4xx_rcc.o
RCC_ClearITPendingBit                             Libraries/STM32F4xx_StdPeriph_Driver/src/stm32f4xx_rcc.o
RCC_ClockSecuritySystemCmd                        Libraries/STM32F4xx_StdPeriph_Driver/src/stm32f4xx_rcc.o
RCC_DeInit                                        Libraries/STM32F4xx_StdPeriph_Driver/src/stm32f4xx_rcc.o
RCC_GetClocksFreq                                 Libraries/STM32F4xx_StdPeriph_Driver/src/stm32f4xx_rcc.o
                                                  Libraries/STM32F4xx_StdPeriph_Driver/src/stm32f4xx_usart.o
                                                  Libraries/STM32F4xx_StdPeriph_Driver/src/stm32f4xx_i2c.o
RCC_GetFlagStatus                                 Libraries/STM32F4xx_StdPeriph_Driver/src/stm32f4xx_rcc.o
RCC_GetITStatus                                   Libraries/STM32F4xx_StdPeriph_Driver/src/stm32f4xx_rcc.o
RCC_GetSYSCLKSource                               Libraries/STM32F4xx_StdPeriph_Driver/src/stm32f4xx_rcc.o
RCC_HCLKConfig                                    Libraries/STM32F4xx_StdPeriph_Driver/src/stm32f4xx_rcc.o
RCC_HSEConfig                                     Libraries/STM32F4xx_StdPeriph_Driver/src/stm32f4xx_rcc.o
RCC_HSICmd                                        Libraries/STM32F4xx_StdPeriph_Driver/src/stm32f4xx_rcc.o
RCC_I2SCLKConfig                                  Libraries/STM32F4xx_StdPeriph_Driver/src/stm32f4xx_rcc.o
RCC_IRQHandler                                    src/startup_stm32f40xx.o
RCC_ITConfig                                      Libraries/STM32F4xx_StdPeriph_Driver/src/stm32f4xx_rcc.o
RCC_LSEConfig                                     Libraries/STM32F4xx_StdPeriph_Driver/src/stm32f4xx_rcc.o
RCC_LSICmd                                        Libraries/STM32F4xx_StdPeriph_Driver/src/stm32f4xx_rcc.o
RCC_MCO1Config                                    Libraries/STM32F4xx_StdPeriph_Driver/src/stm32f4xx_rcc.o
RCC_MCO2Config                                    Libraries/STM32F4xx_StdPeriph_Driver/src/stm32f4xx_rcc.o
RCC_PCLK1Config                                   Libraries/STM32F4xx_StdPeriph_Driver/src/stm32f4xx_rcc.o
RCC_PCLK2Config                                   Libraries/STM32F4xx_StdPeriph_Driver/src/stm32f4xx_rcc.o
RCC_PLLCmd                                        Libraries/STM32F4xx_StdPeriph_Driver/src/stm32f4xx_rcc.o
RCC_PLLConfig                                     Libraries/STM32F4xx_StdPeriph_Driver/src/stm32f4xx_rcc.o
RCC_PLLI2SCmd                                     Libraries/STM32F4xx_StdPeriph_Driver/src/stm32f4xx_rcc.o
RCC_PLLI2SConfig                                  Libraries/STM32F4xx_StdPeriph_Driver/src/stm32f4xx_rcc.o
RCC_RTCCLKCmd                                     Libraries/STM32F4xx_StdPeriph_Driver/src/stm32f4xx_rcc.o
RCC_RTCCLKConfig                                  Libraries/STM32F4xx_StdPeriph_Driver/src/stm32f4xx_rcc.o
RCC_SYSCLKConfig                                  Libraries/STM32F4xx_StdPeriph_Driver/src/stm32f4xx_rcc.o
RCC_TIMCLKPresConfig                              Libraries/STM32F4xx_StdPeriph_Driver/src/stm32f4xx_rcc.o
RCC_WaitForHSEStartUp                             Libraries/STM32F4xx_StdPeriph_Driver/src/stm32f4xx_rcc.o
RNG_ClearFlag                                     Libraries/STM32F4xx_StdPeriph_Driver/src/stm32f4xx_rng.o
RNG_ClearITPendingBit                             Libraries/STM32F4xx_StdPeriph_Driver/src/stm32f4xx_rng.o
RNG_Cmd                                           Libraries/STM32F4xx_StdPeriph_Driver/src/stm32f4xx_rng.o
RNG_DeInit                                        Libraries/STM32F4xx_StdPeriph_Driver/src/stm32f4xx_rng.o
RNG_GetFlagStatus                                 Libraries/STM32F4xx_StdPeriph_Driver/src/stm32f4xx_rng.o
RNG_GetITStatus                                   Libraries/STM32F4xx_StdPeriph_Driver/src/stm32f4xx_rng.o
RNG_GetRandomNumber                               Libraries/STM32F4xx_StdPeriph_Driver/src/stm32f4xx_rng.o
RNG_ITConfig                                      Libraries/STM32F4xx_StdPeriph_Driver/src/stm32f4xx_rng.o
RTC_AlarmCmd                                      Libraries/STM32F4xx_StdPeriph_Driver/src/stm32f4xx_rtc.o
RTC_AlarmStructInit                               Libraries/STM32F4xx_StdPeriph_Driver/src/stm32f4xx_rtc.o
RTC_AlarmSubSecondConfig                          Libraries/STM32F4xx_StdPeriph_Driver/src/stm32f4xx_rtc.o
RTC_Alarm_IRQHandler                              src/startup_stm32f40xx.o
RTC_BypassShadowCmd                               Libraries/STM32F4xx_StdPeriph_Driver/src/stm32f4xx_rtc.o
RTC_CalibOutputCmd                                Libraries/STM32F4xx_StdPeriph_Driver/src/stm32f4xx_rtc.o
RTC_CalibOutputConfig                             Libraries/STM32F4xx_StdPeriph_Driver/src/stm32f4xx_rtc.o
RTC_ClearFlag                                     Libraries/STM32F4xx_StdPeriph_Driver/src/stm32f4xx_rtc.o
RTC_ClearITPendingBit                             Libraries/STM32F4xx_StdPeriph_Driver/src/stm32f4xx_rtc.o
RTC_CoarseCalibCmd                                Libraries/STM32F4xx_StdPeriph_Driver/src/stm32f4xx_rtc.o
RTC_CoarseCalibConfig                             Libraries/STM32F4xx_StdPeriph_Driver/src/stm32f4xx_rtc.o
RTC_DateStructInit                                Libraries/STM32F4xx_StdPeriph_Driver/src/stm32f4xx_rtc.o
RTC_DayLightSavingConfig                          Libraries/STM32F4xx_StdPeriph_Driver/src/stm32f4xx_rtc.o
RTC_DeInit                                        Libraries/STM32F4xx_StdPeriph_Driver/src/stm32f4xx_rtc.o
RTC_EnterInitMode                                 Libraries/STM32F4xx_StdPeriph_Driver/src/stm32f4xx_rtc.o
RTC_ExitInitMode                                  Libraries/STM32F4xx_StdPeriph_Driver/src/stm32f4xx_rtc.o
RTC_GetAlarm                                      Libraries/STM32F4xx_StdPeriph_Driver/src/stm32f4xx_rtc.o
RTC_GetAlarmSubSecond                             Libraries/STM32F4xx_StdPeriph_Driver/src/stm32f4xx_rtc.o
RTC_GetDate                                       Libraries/STM32F4xx_StdPeriph_Driver/src/stm32f4xx_rtc.o
RTC_GetFlagStatus                                 Libraries/STM32F4xx_StdPeriph_Driver/src/stm32f4xx_rtc.o
RTC_GetITStatus                                   Libraries/STM32F4xx_StdPeriph_Driver/src/stm32f4xx_rtc.o
RTC_GetStoreOperation                             Libraries/STM32F4xx_StdPeriph_Driver/src/stm32f4xx_rtc.o
RTC_GetSubSecond                                  Libraries/STM32F4xx_StdPeriph_Driver/src/stm32f4xx_rtc.o
RTC_GetTime                                       Libraries/STM32F4xx_StdPeriph_Driver/src/stm32f4xx_rtc.o
RTC_GetTimeStamp                                  Libraries/STM32F4xx_StdPeriph_Driver/src/stm32f4xx_rtc.o
RTC_GetTimeStampSubSecond                         Libraries/STM32F4xx_StdPeriph_Driver/src/stm32f4xx_rtc.o
RTC_GetWakeUpCounter                              Libraries/STM32F4xx_StdPeriph_Driver/src/stm32f4xx_rtc.o
RTC_ITConfig                                      Libraries/STM32F4xx_StdPeriph_Driver/src/stm32f4xx_rtc.o
RTC_Init                                          Libraries/STM32F4xx_StdPeriph_Driver/src/stm32f4xx_rtc.o
RTC_OutputConfig                                  Libraries/STM32F4xx_StdPeriph_Driver/src/stm32f4xx_rtc.o
RTC_OutputTypeConfig                              Libraries/STM32F4xx_StdPeriph_Driver/src/stm32f4xx_rtc.o
RTC_ReadBackupRegister                            Libraries/STM32F4xx_StdPeriph_Driver/src/stm32f4xx_rtc.o
RTC_RefClockCmd                                   Libraries/STM32F4xx_StdPeriph_Driver/src/stm32f4xx_rtc.o
RTC_SetAlarm                                      Libraries/STM32F4xx_StdPeriph_Driver/src/stm32f4xx_rtc.o
RTC_SetDate                                       Libraries/STM32F4xx_StdPeriph_Driver/src/stm32f4xx_rtc.o
RTC_SetTime                                       Libraries/STM32F4xx_StdPeriph_Driver/src/stm32f4xx_rtc.o
RTC_SetWakeUpCounter                              Libraries/STM32F4xx_StdPeriph_Driver/src/stm32f4xx_rtc.o
RTC_SmoothCalibConfig                             Libraries/STM32F4xx_StdPeriph_Driver/src/stm32f4xx_rtc.o
RTC_StructInit                                    Libraries/STM32F4xx_StdPeriph_Driver/src/stm32f4xx_rtc.o
RTC_SynchroShiftConfig                            Libraries/STM32F4xx_StdPeriph_Driver/src/stm32f4xx_rtc.o
RTC_TamperCmd                                     Libraries/STM32F4xx_StdPeriph_Driver/src/stm32f4xx_rtc.o
RTC_TamperFilterConfig                            Libraries/STM32F4xx_StdPeriph_Driver/src/stm32f4xx_rtc.o
RTC_TamperPinSelection                            Libraries/STM32F4xx_StdPeriph_Driver/src/stm32f4xx_rtc.o
RTC_TamperPinsPrechargeDuration                   Libraries/STM32F4xx_StdPeriph_Driver/src/stm32f4xx_rtc.o
RTC_TamperPullUpCmd                               Libraries/STM32F4xx_StdPeriph_Driver/src/stm32f4xx_rtc.o
RTC_TamperSamplingFreqConfig                      Libraries/STM32F4xx_StdPeriph_Driver/src/stm32f4xx_rtc.o
RTC_TamperTriggerConfig                           Libraries/STM32F4xx_StdPeriph_Driver/src/stm32f4xx_rtc.o
RTC_TimeStampCmd                                  Libraries/STM32F4xx_StdPeriph_Driver/src/stm32f4xx_rtc.o
RTC_TimeStampOnTamperDetectionCmd                 Libraries/STM32F4xx_StdPeriph_Driver/src/stm32f4xx_rtc.o
RTC_TimeStampPinSelection                         Libraries/STM32F4xx_StdPeriph_Driver/src/stm32f4xx_rtc.o
RTC_TimeStructInit                                Libraries/STM32F4xx_StdPeriph_Driver/src/stm32f4xx_rtc.o
RTC_WKUP_IRQHandler                               src/startup_stm32f40xx.o
RTC_WaitForSynchro                                Libraries/STM32F4xx_StdPeriph_Driver/src/stm32f4xx_rtc.o
RTC_WakeUpClockConfig                             Libraries/STM32F4xx_StdPeriph_Driver/src/stm32f4xx_rtc.o
RTC_WakeUpCmd                                     Libraries/STM32F4xx_StdPeriph_Driver/src/stm32f4xx_rtc.o
RTC_WriteBackupRegister                           Libraries/STM32F4xx_StdPeriph_Driver/src/stm32f4xx_rtc.o
RTC_WriteProtectionCmd                            Libraries/STM32F4xx_StdPeriph_Driver/src/stm32f4xx_rtc.o
ReadRecvSize                                      src/W5500.o
                                                  src/main.o
Reset_Handler                                     src/startup_stm32f40xx.o
S0_CLOSE                                          src/W5500.o
S0_CR_LISTEN_W5500                                src/W5500.o
S0_CR_OPEN_W5500                                  src/W5500.o
S0_MR_W5500                                       src/W5500.o
S0_PORT_W5500                                     src/W5500.o
S0_RX_TX_BUF_SIZE_W5500                           src/W5500.o
S0_SEND_TX_BUFFER                                 src/W5500.o
S0_SR_W5500                                       src/W5500.o
S0_TX_BUFFER                                      src/W5500.o
S0_TX_RD_LSB                                      src/W5500.o
S0_TX_RD_MSB                                      src/W5500.o
S0_TX_WR                                          src/W5500.o
SDIO_CEATAITCmd                                   Libraries/STM32F4xx_StdPeriph_Driver/src/stm32f4xx_sdio.o
SDIO_ClearFlag                                    Libraries/STM32F4xx_StdPeriph_Driver/src/stm32f4xx_sdio.o
SDIO_ClearITPendingBit                            Libraries/STM32F4xx_StdPeriph_Driver/src/stm32f4xx_sdio.o
SDIO_ClockCmd                                     Libraries/STM32F4xx_StdPeriph_Driver/src/stm32f4xx_sdio.o
SDIO_CmdStructInit                                Libraries/STM32F4xx_StdPeriph_Driver/src/stm32f4xx_sdio.o
SDIO_CommandCompletionCmd                         Libraries/STM32F4xx_StdPeriph_Driver/src/stm32f4xx_sdio.o
SDIO_DMACmd                                       Libraries/STM32F4xx_StdPeriph_Driver/src/stm32f4xx_sdio.o
SDIO_DataConfig                                   Libraries/STM32F4xx_StdPeriph_Driver/src/stm32f4xx_sdio.o
SDIO_DataStructInit                               Libraries/STM32F4xx_StdPeriph_Driver/src/stm32f4xx_sdio.o
SDIO_DeInit                                       Libraries/STM32F4xx_StdPeriph_Driver/src/stm32f4xx_sdio.o
SDIO_GetCommandResponse                           Libraries/STM32F4xx_StdPeriph_Driver/src/stm32f4xx_sdio.o
SDIO_GetDataCounter                               Libraries/STM32F4xx_StdPeriph_Driver/src/stm32f4xx_sdio.o
SDIO_GetFIFOCount                                 Libraries/STM32F4xx_StdPeriph_Driver/src/stm32f4xx_sdio.o
SDIO_GetFlagStatus                                Libraries/STM32F4xx_StdPeriph_Driver/src/stm32f4xx_sdio.o
SDIO_GetITStatus                                  Libraries/STM32F4xx_StdPeriph_Driver/src/stm32f4xx_sdio.o
SDIO_GetPowerState                                Libraries/STM32F4xx_StdPeriph_Driver/src/stm32f4xx_sdio.o
SDIO_GetResponse                                  Libraries/STM32F4xx_StdPeriph_Driver/src/stm32f4xx_sdio.o
SDIO_IRQHandler                                   src/startup_stm32f40xx.o